
Allocating common symbols
Common symbol       size              file

HIDIO_ack_buf_data  0x4e              CMakeFiles/kiibohd.dir/Output/HID-IO/hidio_com.c.obj
LED_framerate       0x4               CMakeFiles/kiibohd.dir/Scan/Devices/ISSILed/led_scan.c.obj
uart_tx_buf         0x106             CMakeFiles/kiibohd.dir/Scan/Devices/UARTConnect/connect_scan.c.obj
Pixel_AnimationStack
                    0x54              CMakeFiles/kiibohd.dir/Macro/PixelMap/pixel.c.obj
Pixel_animationControl
                    0x1               CMakeFiles/kiibohd.dir/Macro/PixelMap/pixel.c.obj
Connect_receive_RemoteCapabilityBuffer
                    0x6               CMakeFiles/kiibohd.dir/Scan/Devices/UARTConnect/connect_scan.c.obj
gWDT_entropy_pool   0x20              CMakeFiles/kiibohd.dir/Lib/entropy.c.obj
macroPauseMode      0x1               CMakeFiles/kiibohd.dir/Macro/PartialMap/macro.c.obj
macroTriggerEventBufferSize
                    0x1               CMakeFiles/kiibohd.dir/Macro/PartialMap/macro.c.obj
macroResultDelayedCapabilities
                    0x7c              CMakeFiles/kiibohd.dir/Macro/PartialMap/result.c.obj
Pixel_FrameState    0x1               CMakeFiles/kiibohd.dir/Macro/PixelMap/pixel.c.obj
USBKeys_LEDs_Changed
                    0x1               CMakeFiles/kiibohd.dir/Output/USB/output_usb.c.obj
LED_chipSend        0x1               CMakeFiles/kiibohd.dir/Scan/Devices/ISSILed/led_scan.c.obj
gWDT_buffer_position
                    0x1               CMakeFiles/kiibohd.dir/Lib/entropy.c.obj
CLIHexDebugMode     0x1               CMakeFiles/kiibohd.dir/main.c.obj
Output_DebugMode    0x1               CMakeFiles/kiibohd.dir/Output/Interface/output_gen.c.obj
LED_pause           0x1               CMakeFiles/kiibohd.dir/Scan/Devices/ISSILed/led_scan.c.obj
CLIHistoryCurrent   0x1               CMakeFiles/kiibohd.dir/main.c.obj
usb_rx_byte_count_data
                    0x14              CMakeFiles/kiibohd.dir/Output/USB/arm/usb_dev.c.obj
USBInit_TimeEnd     0x4               CMakeFiles/kiibohd.dir/Output/USB/output_usb.c.obj
CLILEDState         0x1               CMakeFiles/kiibohd.dir/main.c.obj
CLIDictionariesUsed
                    0x1               CMakeFiles/kiibohd.dir/main.c.obj
Macro_rotationLayer
                    0x2               CMakeFiles/kiibohd.dir/Macro/PartialMap/macro.c.obj
Pixel_AnimationElement_Stor
                    0x140             CMakeFiles/kiibohd.dir/Macro/PixelMap/pixel.c.obj
LED_displayFPS      0x1               CMakeFiles/kiibohd.dir/Scan/Devices/ISSILed/led_scan.c.obj
CLIHistoryBuffer    0x3e8             CMakeFiles/kiibohd.dir/main.c.obj
uart_tx_status      0x4               CMakeFiles/kiibohd.dir/Scan/Devices/UARTConnect/connect_scan.c.obj
HIDIO_Id_List_Size  0x4               CMakeFiles/kiibohd.dir/Output/HID-IO/hidio_com.c.obj
voteDebugMode       0x1               CMakeFiles/kiibohd.dir/Macro/PartialMap/macro.c.obj
CLILineBuffer       0x65              CMakeFiles/kiibohd.dir/main.c.obj
macroResultMacroPendingList
                    0x31c             CMakeFiles/kiibohd.dir/Macro/PartialMap/result.c.obj
Pixel_testMode      0x1               CMakeFiles/kiibohd.dir/Macro/PixelMap/pixel.c.obj
HIDIO_Packet_Size   0x2               CMakeFiles/kiibohd.dir/Output/HID-IO/hidio_com.c.obj
ResultMacroRecordList
                    0x129             CMakeFiles/kiibohd.dir/Macro/PartialMap/macro.c.obj
HIDIO_assembly_buf_data
                    0xd0              CMakeFiles/kiibohd.dir/Output/HID-IO/hidio_com.c.obj
CLIHistoryHead      0x1               CMakeFiles/kiibohd.dir/main.c.obj
USBInit_Ticks       0x2               CMakeFiles/kiibohd.dir/Output/USB/output_usb.c.obj
LayerState          0x2               CMakeFiles/kiibohd.dir/Macro/PartialMap/macro.c.obj
Connect_receive_RemoteCapabilityArgs
                    0x19              CMakeFiles/kiibohd.dir/Scan/Devices/UARTConnect/connect_scan.c.obj
USBKeys_idle        0x22              CMakeFiles/kiibohd.dir/Output/USB/output_usb.c.obj
LED_pageBuffer_brightness
                    0x124             CMakeFiles/kiibohd.dir/Scan/Devices/ISSILed/led_scan.c.obj
HIDIO_ack_buf       0x4               CMakeFiles/kiibohd.dir/Output/HID-IO/hidio_com.c.obj
gWDT_buffer         0x20              CMakeFiles/kiibohd.dir/Lib/entropy.c.obj
macroTriggerEventBuffer
                    0x10e             CMakeFiles/kiibohd.dir/Macro/PartialMap/macro.c.obj
Connect_receive_ScanCodeDeviceId
                    0x1               CMakeFiles/kiibohd.dir/Scan/Devices/UARTConnect/connect_scan.c.obj
macroStepCounter    0x2               CMakeFiles/kiibohd.dir/Macro/PartialMap/macro.c.obj
LED_brightness      0x1               CMakeFiles/kiibohd.dir/Scan/Devices/ISSILed/led_scan.c.obj
LED_timePrev        0x8               CMakeFiles/kiibohd.dir/Scan/Devices/ISSILed/led_scan.c.obj
i2c_channels        0x18              CMakeFiles/kiibohd.dir/Scan/Devices/ISSILed/i2c.c.obj
HIDIO_ack_send_data
[...]
Memory Configuration

Name             Origin             Length             Attributes
FLASH            0x0000000000002000 0x000000000003e000 xr
RAM              0x000000001fff8000 0x0000000000010000 xrw
*default*        0x0000000000000000 0xffffffffffffffff

Linker script and memory map

LOAD CMakeFiles/kiibohd.dir/main.c.obj
LOAD CMakeFiles/kiibohd.dir/Lib/kinetis.c.obj
LOAD CMakeFiles/kiibohd.dir/Lib/delay.c.obj
LOAD CMakeFiles/kiibohd.dir/Lib/entropy.c.obj
LOAD CMakeFiles/kiibohd.dir/Lib/periodic.c.obj
LOAD CMakeFiles/kiibohd.dir/Lib/time.c.obj
LOAD CMakeFiles/kiibohd.dir/Scan/Devices/ISSILed/i2c.c.obj
LOAD CMakeFiles/kiibohd.dir/Scan/Devices/ISSILed/led_scan.c.obj
LOAD CMakeFiles/kiibohd.dir/Scan/Devices/MatrixARMPeriodic/matrix_scan.c.obj
LOAD CMakeFiles/kiibohd.dir/Scan/Devices/STLcd/lcd_scan.c.obj
LOAD CMakeFiles/kiibohd.dir/Scan/Devices/UARTConnect/connect_scan.c.obj
LOAD CMakeFiles/kiibohd.dir/Scan/Infinity_Ergodox/scan_loop.c.obj
LOAD CMakeFiles/kiibohd.dir/Macro/PartialMap/macro.c.obj
LOAD CMakeFiles/kiibohd.dir/Macro/PartialMap/result.c.obj
LOAD CMakeFiles/kiibohd.dir/Macro/PartialMap/trigger.c.obj
LOAD CMakeFiles/kiibohd.dir/Macro/PixelMap/pixel.c.obj
LOAD CMakeFiles/kiibohd.dir/generatedPixelmap.c.obj
LOAD CMakeFiles/kiibohd.dir/Output/HID-IO/hidio_com.c.obj
LOAD CMakeFiles/kiibohd.dir/Output/Interface/output_gen.c.obj
LOAD CMakeFiles/kiibohd.dir/Output/USB/output_com.c.obj
LOAD CMakeFiles/kiibohd.dir/Output/USB/output_usb.c.obj
LOAD CMakeFiles/kiibohd.dir/Output/USB/arm/usb_desc.c.obj
LOAD CMakeFiles/kiibohd.dir/Output/USB/arm/usb_dev.c.obj
LOAD CMakeFiles/kiibohd.dir/Output/USB/arm/usb_joystick.c.obj
LOAD CMakeFiles/kiibohd.dir/Output/USB/arm/usb_keyboard.c.obj
LOAD CMakeFiles/kiibohd.dir/Output/USB/arm/usb_mem.c.obj
LOAD CMakeFiles/kiibohd.dir/Output/USB/arm/usb_mouse.c.obj
LOAD CMakeFiles/kiibohd.dir/Output/USB/arm/usb_rawio.c.obj
LOAD CMakeFiles/kiibohd.dir/Output/USB/arm/usb_serial.c.obj
LOAD CMakeFiles/kiibohd.dir/Debug/cli/cli.c.obj
LOAD CMakeFiles/kiibohd.dir/Debug/latency/latency.c.obj
LOAD CMakeFiles/kiibohd.dir/Debug/led/led.c.obj
LOAD CMakeFiles/kiibohd.dir/Debug/print/print.c.obj
                0x0000000000002000                _app_rom = ORIGIN (FLASH)
                0x0000000000040000                _app_rom_end = (ORIGIN (FLASH) + LENGTH (FLASH))

.text           0x0000000000002000    0x1035c
                0x0000000000000000                . = 0x0
 *(.vectors)
 .vectors       0x0000000000002000      0x1bc CMakeFiles/kiibohd.dir/Lib/kinetis.c.obj
                0x0000000000002000                gVectors
 *(.startup*)
 .startup       0x00000000000021bc      0x174 CMakeFiles/kiibohd.dir/Lib/kinetis.c.obj
                0x00000000000021bc                ResetHandler
                0x0000000000000400                . = 0x400
 *fill*         0x0000000000002330       0xd0 
 *(.flashconfig)
 *(.text*)
 .text.main_periodic
                0x0000000000002400       0x38 CMakeFiles/kiibohd.dir/main.c.obj
                0x0000000000002400                main_periodic
 .text.startup.main
                0x0000000000002438       0x3c CMakeFiles/kiibohd.dir/main.c.obj
                0x0000000000002438                main
 .text.systick_default_isr
                0x0000000000002474       0x3c CMakeFiles/kiibohd.dir/Lib/kinetis.c.obj
                0x0000000000002474                systick_isr
                0x0000000000002474                systick_default_isr
 .text.fault_isr
                0x00000000000024b0       0x40 CMakeFiles/kiibohd.dir/Lib/kinetis.c.obj
                0x00000000000024b0                fault_isr
 .text.unused_isr
                0x00000000000024f0        0x6 CMakeFiles/kiibohd.dir/Lib/kinetis.c.obj
                0x00000000000024f0                adc0_isr
                0x00000000000024f0                dma_ch6_isr
                0x00000000000024f0                uart0_lon_isr
                0x00000000000024f0                dma_ch8_isr
                0x00000000000024f0                portcd_isr
                0x00000000000024f0                can1_rx_warn_isr
                0x00000000000024f0                dma_error_isr
                0x00000000000024f0                portd_isr
                0x00000000000024f0                enet_error_isr
                0x00000000000024f0                tpm1_isr
                0x00000000000024f0                porte_isr
                0x00000000000024f0                portb_isr
                0x00000000000024f0                spi1_isr
                0x00000000000024f0                uart3_status_isr
                0x00000000000024f0                mcm_isr
                0x00000000000024f0                uart1_status_isr
                0x00000000000024f0                randnum_isr
                0x00000000000024f0                dma_ch11_isr
                0x00000000000024f0                i2c2_isr
                0x00000000000024f0                pit1_isr
                0x00000000000024f0                dma_ch4_isr
                0x00000000000024f0                software_isr
                0x00000000000024f0                dma_ch7_isr
                0x00000000000024f0                can1_bus_off_isr
                0x00000000000024f0                ftm2_isr
                0x00000000000024f0                uart5_status_isr
                0x00000000000024f0                lpuart0_status_isr
                0x00000000000024f0                dma_ch9_isr
                0x00000000000024f0                pit2_isr
                0x00000000000024f0                i2c3_isr
                0x00000000000024f0                can1_error_isr
                0x00000000000024f0                can0_wakeup_isr
                0x00000000000024f0                flash_cmd_isr
                0x00000000000024f0                uart2_status_isr
                0x00000000000024f0                svcall_isr
                0x00000000000024f0                dma_ch15_isr
                0x00000000000024f0                uart1_error_isr
                0x00000000000024f0                usbhs_phy_isr
                0x00000000000024f0                unused_isr
                0x00000000000024f0                spi0_isr
                0x00000000000024f0                dma_ch3_isr
                0x00000000000024f0                flash_error_isr
                0x00000000000024f0                uart5_error_isr
                0x00000000000024f0                rtc_seconds_isr
                0x00000000000024f0                pdb_isr
                0x00000000000024f0                dac1_isr
                0x00000000000024f0                dma_ch14_isr
                0x00000000000024f0                rtc_alarm_isr
                0x00000000000024f0                dma_ch2_isr
                0x00000000000024f0                ftm1_isr
                0x00000000000024f0                dma_ch13_isr
                0x00000000000024f0                uart2_error_isr
                0x00000000000024f0                usb_charge_isr
                0x00000000000024f0                cmt_isr
                0x00000000000024f0                usbhs_isr
                0x00000000000024f0                ftm3_isr
                0x00000000000024f0                tsi0_isr
                0x00000000000024f0                spi2_isr
                0x00000000000024f0                can0_bus_off_isr
                0x00000000000024f0                uart3_error_isr
                0x00000000000024f0                porta_isr
                0x00000000000024f0                low_voltage_isr
                0x00000000000024f0                can0_error_isr
                0x00000000000024f0                dma_ch12_isr
                0x00000000000024f0                can1_wakeup_isr
                0x00000000000024f0                pit3_isr
                0x00000000000024f0                enet_rx_isr
                0x00000000000024f0                portc_isr
                0x00000000000024f0                debugmonitor_isr
                0x00000000000024f0                cmp1_isr
                0x00000000000024f0                ftm0_isr
                0x00000000000024f0                tpm0_isr
                0x00000000000024f0                i2s0_rx_isr
                0x00000000000024f0                uart4_error_isr
                0x00000000000024f0                can0_message_isr
                0x00000000000024f0                can1_message_isr
                0x00000000000024f0                sdhc_isr
                0x00000000000024f0                dma_ch10_isr
                0x00000000000024f0                uart0_error_isr
                0x00000000000024f0                i2s0_isr
                0x00000000000024f0                enet_timer_isr
                0x00000000000024f0                i2s0_tx_isr
                0x00000000000024f0                adc1_isr
                0x00000000000024f0                cmp0_isr
                0x00000000000024f0                pit_isr
                0x00000000000024f0                dac0_isr
                0x00000000000024f0                can1_tx_warn_isr
                0x00000000000024f0                uart0_status_isr
                0x00000000000024f0                mcg_isr
                0x00000000000024f0                dma_ch1_isr
                0x00000000000024f0                dma_ch5_isr
                0x00000000000024f0                can0_rx_warn_isr
                0x00000000000024f0                can0_tx_warn_isr
                0x00000000000024f0                uart4_status_isr
                0x00000000000024f0                cmp2_isr
                0x00000000000024f0                pendablesrvreq_isr
                0x00000000000024f0                wakeup_isr
                0x00000000000024f0                cmp3_isr
                0x00000000000024f0                tpm2_isr
                0x00000000000024f0                dma_ch0_isr
                0x00000000000024f0                enet_tx_isr
 *fill*         0x00000000000024f6        0x2 
 .text.nmi_default_isr
                0x00000000000024f8        0xc CMakeFiles/kiibohd.dir/Lib/kinetis.c.obj
                0x00000000000024f8                nmi_isr
                0x00000000000024f8                nmi_default_isr
 .text.hard_fault_default_isr
                0x0000000000002504       0x34 CMakeFiles/kiibohd.dir/Lib/kinetis.c.obj
                0x0000000000002504                hard_fault_isr
                0x0000000000002504                hard_fault_default_isr
 .text.memmanage_fault_default_isr
                0x0000000000002538       0x40 CMakeFiles/kiibohd.dir/Lib/kinetis.c.obj
                0x0000000000002538                memmanage_fault_default_isr
                0x0000000000002538                memmanage_fault_isr
 .text.bus_fault_default_isr
                0x0000000000002578       0x40 CMakeFiles/kiibohd.dir/Lib/kinetis.c.obj
                0x0000000000002578                bus_fault_isr
                0x0000000000002578                bus_fault_default_isr
 .text.usage_fault_default_isr
                0x00000000000025b8       0x28 CMakeFiles/kiibohd.dir/Lib/kinetis.c.obj
                0x00000000000025b8                usage_fault_default_isr
                0x00000000000025b8                usage_fault_isr
 .text.watchdog_default_isr
                0x00000000000025e0       0x60 CMakeFiles/kiibohd.dir/Lib/kinetis.c.obj
                0x00000000000025e0                watchdog_isr
                0x00000000000025e0                watchdog_default_isr
 .text.memset   0x0000000000002640       0x10 CMakeFiles/kiibohd.dir/Lib/kinetis.c.obj
                0x0000000000002640                memset
 .text.memcpy   0x0000000000002650       0x18 CMakeFiles/kiibohd.dir/Lib/kinetis.c.obj
                0x0000000000002650                memcpy
 .text.us_now   0x0000000000002668       0x44 CMakeFiles/kiibohd.dir/Lib/delay.c.obj
                0x0000000000002668                us_now
 .text.yield    0x00000000000026ac        0x2 CMakeFiles/kiibohd.dir/Lib/delay.c.obj
                0x00000000000026ac                yield
 .text.delay_us
                0x00000000000026ae       0x1c CMakeFiles/kiibohd.dir/Lib/delay.c.obj
                0x00000000000026ae                delay_us
 *fill*         0x00000000000026ca        0x2 
 .text.delay_ms
                0x00000000000026cc       0x20 CMakeFiles/kiibohd.dir/Lib/delay.c.obj
                0x00000000000026cc                delay_ms
 .text.rand_initialize
                0x00000000000026ec       0x5c CMakeFiles/kiibohd.dir/Lib/entropy.c.obj
                0x00000000000026ec                rand_initialize
 .text.rand_value32
                0x0000000000002748       0x64 CMakeFiles/kiibohd.dir/Lib/entropy.c.obj
                0x0000000000002748                rand_value32
 .text.rand_available
                0x00000000000027ac        0xc CMakeFiles/kiibohd.dir/Lib/entropy.c.obj
                0x00000000000027ac                rand_available
 .text.lptmr_isr
                0x00000000000027b8      0x120 CMakeFiles/kiibohd.dir/Lib/entropy.c.obj
                0x00000000000027b8                lptmr_isr
 .text.Periodic_init
                0x00000000000028d8       0x40 CMakeFiles/kiibohd.dir/Lib/periodic.c.obj
                0x00000000000028d8                Periodic_init
 .text.Periodic_enable
                0x0000000000002918        0xc CMakeFiles/kiibohd.dir/Lib/periodic.c.obj
                0x0000000000002918                Periodic_enable
 .text.Periodic_disable
                0x0000000000002924        0xc CMakeFiles/kiibohd.dir/Lib/periodic.c.obj
                0x0000000000002924                Periodic_disable
 .text.Periodic_function
                0x0000000000002930        0xc CMakeFiles/kiibohd.dir/Lib/periodic.c.obj
                0x0000000000002930                Periodic_function
 .text.Periodic_cycles
                0x000000000000293c        0xc CMakeFiles/kiibohd.dir/Lib/periodic.c.obj
                0x000000000000293c                Periodic_cycles
 .text.pit0_isr
                0x0000000000002948       0x18 CMakeFiles/kiibohd.dir/Lib/periodic.c.obj
                0x0000000000002948                pit0_isr
 .text.Time_now
                0x0000000000002960       0x18 CMakeFiles/kiibohd.dir/Lib/time.c.obj
                0x0000000000002960                Time_now
 .text.Time_ms  0x0000000000002978        0xe CMakeFiles/kiibohd.dir/Lib/time.c.obj
                0x0000000000002978                Time_ms
 *fill*         0x0000000000002986        0x2 
 .text.Time_us  0x0000000000002988       0x30 CMakeFiles/kiibohd.dir/Lib/time.c.obj
                0x0000000000002988                Time_us
 .text.Time_ns  0x00000000000029b8       0x30 CMakeFiles/kiibohd.dir/Lib/time.c.obj
                0x00000000000029b8                Time_ns
 .text.Time_duration_rollover
                0x00000000000029e8       0x38 CMakeFiles/kiibohd.dir/Lib/time.c.obj
                0x00000000000029e8                Time_duration_rollover
 .text.Time_duration
                0x0000000000002a20       0x14 CMakeFiles/kiibohd.dir/Lib/time.c.obj
                0x0000000000002a20                Time_duration
 .text.Time_duration_ms
                0x0000000000002a34       0x1a CMakeFiles/kiibohd.dir/Lib/time.c.obj
                0x0000000000002a34                Time_duration_ms
 .text.Time_duration_us
                0x0000000000002a4e       0x22 CMakeFiles/kiibohd.dir/Lib/time.c.obj
                0x0000000000002a4e                Time_duration_us
 .text.Time_duration_ns
                0x0000000000002a70       0x22 CMakeFiles/kiibohd.dir/Lib/time.c.obj
                0x0000000000002a70                Time_duration_ns
 *fill*         0x0000000000002a92        0x2 
 .text.Time_duration_ticks
                0x0000000000002a94       0x34 CMakeFiles/kiibohd.dir/Lib/time.c.obj
                0x0000000000002a94                Time_duration_ticks
 .text.i2c_setup
                0x0000000000002ac8       0x54 CMakeFiles/kiibohd.dir/Scan/Devices/ISSILed/i2c.c.obj
                0x0000000000002ac8                i2c_setup
 .text.i2c_reset
                0x0000000000002b1c       0x10 CMakeFiles/kiibohd.dir/Scan/Devices/ISSILed/i2c.c.obj
                0x0000000000002b1c                i2c_reset
 .text.i2c_busy
                0x0000000000002b2c       0x18 CMakeFiles/kiibohd.dir/Scan/Devices/ISSILed/i2c.c.obj
                0x0000000000002b2c                i2c_busy
 .text.i2c_send_sequence
                0x0000000000002b44       0xa0 CMakeFiles/kiibohd.dir/Scan/Devices/ISSILed/i2c.c.obj
                0x0000000000002b44                i2c_send_sequence
 .text.i2c_isr  0x0000000000002be4      0x1e8 CMakeFiles/kiibohd.dir/Scan/Devices/ISSILed/i2c.c.obj
                0x0000000000002be4                i2c_isr
 .text.i2c0_isr
                0x0000000000002dcc        0x6 CMakeFiles/kiibohd.dir/Scan/Devices/ISSILed/i2c.c.obj
                0x0000000000002dcc                i2c0_isr
 .text.i2c1_isr
                0x0000000000002dd2        0x6 CMakeFiles/kiibohd.dir/Scan/Devices/ISSILed/i2c.c.obj
                0x0000000000002dd2                i2c1_isr
 .text.cliFunc_ledToggle
                0x0000000000002dd8       0x28 CMakeFiles/kiibohd.dir/Scan/Devices/ISSILed/led_scan.c.obj
                0x0000000000002dd8                cliFunc_ledToggle
 .text.cliFunc_ledCheck
                0x0000000000002e00        0xc CMakeFiles/kiibohd.dir/Scan/Devices/ISSILed/led_scan.c.obj
                0x0000000000002e00                cliFunc_ledCheck
 .text.cliFunc_ledSet
                0x0000000000002e0c       0x44 CMakeFiles/kiibohd.dir/Scan/Devices/ISSILed/led_scan.c.obj
                0x0000000000002e0c                cliFunc_ledSet
 .text.LED_linkedSend
                0x0000000000002e50       0x58 CMakeFiles/kiibohd.dir/Scan/Devices/ISSILed/led_scan.c.obj
                0x0000000000002e50                LED_linkedSend
 .text.cliFunc_ledFPS
                0x0000000000002ea8       0x78 CMakeFiles/kiibohd.dir/Scan/Devices/ISSILed/led_scan.c.obj
                0x0000000000002ea8                cliFunc_ledFPS
 .text.LED_setupPage
                0x0000000000002f20       0x46 CMakeFiles/kiibohd.dir/Scan/Devices/ISSILed/led_scan.c.obj
                0x0000000000002f20                LED_setupPage
 .text.LED_zeroPages
                0x0000000000002f66       0x7c CMakeFiles/kiibohd.dir/Scan/Devices/ISSILed/led_scan.c.obj
                0x0000000000002f66                LED_zeroPages
 .text.LED_zeroControlPages
                0x0000000000002fe2       0x1a CMakeFiles/kiibohd.dir/Scan/Devices/ISSILed/led_scan.c.obj
                0x0000000000002fe2                LED_zeroControlPages
 .text.LED_sendPage
                0x0000000000002ffc       0x32 CMakeFiles/kiibohd.dir/Scan/Devices/ISSILed/led_scan.c.obj
                0x0000000000002ffc                LED_sendPage
 .text.LED_writeReg
                0x000000000000302e       0x4c CMakeFiles/kiibohd.dir/Scan/Devices/ISSILed/led_scan.c.obj
                0x000000000000302e                LED_writeReg
 *fill*         0x000000000000307a        0x2 
 .text.LED_reset
                0x000000000000307c       0x68 CMakeFiles/kiibohd.dir/Scan/Devices/ISSILed/led_scan.c.obj
                0x000000000000307c                LED_reset
 .text.cliFunc_ledReset
                0x00000000000030e4       0x50 CMakeFiles/kiibohd.dir/Scan/Devices/ISSILed/led_scan.c.obj
                0x00000000000030e4                cliFunc_ledReset
 .text.LED_setup
                0x0000000000003134       0xbc CMakeFiles/kiibohd.dir/Scan/Devices/ISSILed/led_scan.c.obj
                0x0000000000003134                LED_setup
 .text.LED_scan
                0x00000000000031f0      0x184 CMakeFiles/kiibohd.dir/Scan/Devices/ISSILed/led_scan.c.obj
                0x00000000000031f0                LED_scan
 .text.LED_currentChange
                0x0000000000003374        0xc CMakeFiles/kiibohd.dir/Scan/Devices/ISSILed/led_scan.c.obj
                0x0000000000003374                LED_currentChange
 .text.LED_control
                0x0000000000003380       0x68 CMakeFiles/kiibohd.dir/Scan/Devices/ISSILed/led_scan.c.obj
                0x0000000000003380                LED_control
 .text.LED_control_capability
                0x00000000000033e8       0x58 CMakeFiles/kiibohd.dir/Scan/Devices/ISSILed/led_scan.c.obj
                0x00000000000033e8                LED_control_capability
 .text.cliFunc_matrixState
                0x0000000000003440       0x28 CMakeFiles/kiibohd.dir/Scan/Devices/MatrixARMPeriodic/matrix_scan.c.obj
                0x0000000000003440                cliFunc_matrixState
 .text.cliFunc_debounce
                0x0000000000003468       0x48 CMakeFiles/kiibohd.dir/Scan/Devices/MatrixARMPeriodic/matrix_scan.c.obj
                0x0000000000003468                cliFunc_debounce
 .text.cliFunc_matrixInfo
                0x00000000000034b0       0x50 CMakeFiles/kiibohd.dir/Scan/Devices/MatrixARMPeriodic/matrix_scan.c.obj
                0x00000000000034b0                cliFunc_matrixInfo
 .text.cliFunc_matrixDebug
                0x0000000000003500       0x7c CMakeFiles/kiibohd.dir/Scan/Devices/MatrixARMPeriodic/matrix_scan.c.obj
                0x0000000000003500                cliFunc_matrixDebug
 .text.cliFunc_strobeDelay
                0x000000000000357c       0x48 CMakeFiles/kiibohd.dir/Scan/Devices/MatrixARMPeriodic/matrix_scan.c.obj
                0x000000000000357c                cliFunc_strobeDelay
 .text.Matrix_pin
                0x00000000000035c4       0xc0 CMakeFiles/kiibohd.dir/Scan/Devices/MatrixARMPeriodic/matrix_scan.c.obj
                0x00000000000035c4                Matrix_pin
 .text.Matrix_setup
                0x0000000000003684       0xb8 CMakeFiles/kiibohd.dir/Scan/Devices/MatrixARMPeriodic/matrix_scan.c.obj
                0x0000000000003684                Matrix_setup
 .text.Matrix_keyPositionDebug
                0x000000000000373c       0x38 CMakeFiles/kiibohd.dir/Scan/Devices/MatrixARMPeriodic/matrix_scan.c.obj
                0x000000000000373c                Matrix_keyPositionDebug
 .text.Matrix_single_scan
                0x0000000000003774      0x38c CMakeFiles/kiibohd.dir/Scan/Devices/MatrixARMPeriodic/matrix_scan.c.obj
                0x0000000000003774                Matrix_single_scan
 .text.Matrix_start
                0x0000000000003b00        0x8 CMakeFiles/kiibohd.dir/Scan/Devices/MatrixARMPeriodic/matrix_scan.c.obj
                0x0000000000003b00                Matrix_start
 .text.Matrix_currentChange
                0x0000000000003b08        0x2 CMakeFiles/kiibohd.dir/Scan/Devices/MatrixARMPeriodic/matrix_scan.c.obj
                0x0000000000003b08                Matrix_currentChange
 *fill*         0x0000000000003b0a        0x2 
 .text.cliFunc_lcdColor
                0x0000000000003b0c       0x48 CMakeFiles/kiibohd.dir/Scan/Devices/STLcd/lcd_scan.c.obj
                0x0000000000003b0c                cliFunc_lcdColor
 .text.SPI_setup
                0x0000000000003b54       0x3c CMakeFiles/kiibohd.dir/Scan/Devices/STLcd/lcd_scan.c.obj
                0x0000000000003b54                SPI_setup
 .text.SPI_write
                0x0000000000003b90       0x40 CMakeFiles/kiibohd.dir/Scan/Devices/STLcd/lcd_scan.c.obj
                0x0000000000003b90                SPI_write
 .text.LCD_writeControlReg
                0x0000000000003bd0       0x50 CMakeFiles/kiibohd.dir/Scan/Devices/STLcd/lcd_scan.c.obj
                0x0000000000003bd0                LCD_writeControlReg
 .text.cliFunc_lcdDisp
                0x0000000000003c20       0x78 CMakeFiles/kiibohd.dir/Scan/Devices/STLcd/lcd_scan.c.obj
                0x0000000000003c20                cliFunc_lcdDisp
 .text.LCD_writeDataReg
                0x0000000000003c98       0x40 CMakeFiles/kiibohd.dir/Scan/Devices/STLcd/lcd_scan.c.obj
                0x0000000000003c98                LCD_writeDataReg
 .text.cliFunc_lcdCmd
                0x0000000000003cd8       0x84 CMakeFiles/kiibohd.dir/Scan/Devices/STLcd/lcd_scan.c.obj
                0x0000000000003cd8                cliFunc_lcdCmd
 .text.LCD_writeDisplayReg
                0x0000000000003d5c       0x30 CMakeFiles/kiibohd.dir/Scan/Devices/STLcd/lcd_scan.c.obj
                0x0000000000003d5c                LCD_writeDisplayReg
 .text.cliFunc_lcdTest
                0x0000000000003d8c       0x38 CMakeFiles/kiibohd.dir/Scan/Devices/STLcd/lcd_scan.c.obj
                0x0000000000003d8c                cliFunc_lcdTest
 .text.LCD_clearPage
                0x0000000000003dc4       0x4c CMakeFiles/kiibohd.dir/Scan/Devices/STLcd/lcd_scan.c.obj
                0x0000000000003dc4                LCD_clearPage
 .text.LCD_clear
                0x0000000000003e10       0x2c CMakeFiles/kiibohd.dir/Scan/Devices/STLcd/lcd_scan.c.obj
                0x0000000000003e10                LCD_clear
 .text.LCD_initialize
                0x0000000000003e3c       0x46 CMakeFiles/kiibohd.dir/Scan/Devices/STLcd/lcd_scan.c.obj
                0x0000000000003e3c                LCD_initialize
 .text.cliFunc_lcdInit
                0x0000000000003e82        0x4 CMakeFiles/kiibohd.dir/Scan/Devices/STLcd/lcd_scan.c.obj
                0x0000000000003e82                cliFunc_lcdInit
 *fill*         0x0000000000003e86        0x2 
 .text.LCD_setup
                0x0000000000003e88      0x110 CMakeFiles/kiibohd.dir/Scan/Devices/STLcd/lcd_scan.c.obj
                0x0000000000003e88                LCD_setup
 .text.LCD_scan
                0x0000000000003f98       0x84 CMakeFiles/kiibohd.dir/Scan/Devices/STLcd/lcd_scan.c.obj
                0x0000000000003f98                LCD_scan
 .text.LCD_currentChange
                0x000000000000401c        0x2 CMakeFiles/kiibohd.dir/Scan/Devices/STLcd/lcd_scan.c.obj
                0x000000000000401c                LCD_currentChange
 *fill*         0x000000000000401e        0x2 
 .text.LCD_layerStackExact_capability
                0x0000000000004020      0x144 CMakeFiles/kiibohd.dir/Scan/Devices/STLcd/lcd_scan.c.obj
                0x0000000000004020                LCD_layerStackExact_capability
 .text.LCD_layerStack_capability
                0x0000000000004164       0xb8 CMakeFiles/kiibohd.dir/Scan/Devices/STLcd/lcd_scan.c.obj
                0x0000000000004164                LCD_layerStack_capability
 .text.Connect_receive_Animation
                0x000000000000421c       0x10 CMakeFiles/kiibohd.dir/Scan/Devices/UARTConnect/connect_scan.c.obj
                0x000000000000421c                Connect_receive_Animation
 .text.cliFunc_connectDbg
                0x000000000000422c       0x28 CMakeFiles/kiibohd.dir/Scan/Devices/UARTConnect/connect_scan.c.obj
                0x000000000000422c                cliFunc_connectDbg
 .text.Connect_receive_CableCheck
                0x0000000000004254      0x134 CMakeFiles/kiibohd.dir/Scan/Devices/UARTConnect/connect_scan.c.obj
                0x0000000000004254                Connect_receive_CableCheck
 .text.cliFunc_connectLst
                0x0000000000004388       0x5c CMakeFiles/kiibohd.dir/Scan/Devices/UARTConnect/connect_scan.c.obj
                0x0000000000004388                cliFunc_connectLst
 .text.cliFunc_connectSts
                0x00000000000043e4      0x148 CMakeFiles/kiibohd.dir/Scan/Devices/UARTConnect/connect_scan.c.obj
                0x00000000000043e4                cliFunc_connectSts
 .text.cliFunc_connectMst
                0x000000000000452c       0x70 CMakeFiles/kiibohd.dir/Scan/Devices/UARTConnect/connect_scan.c.obj
                0x000000000000452c                cliFunc_connectMst
 .text.Connect_addBytes.part.1
                0x000000000000459c       0xc0 CMakeFiles/kiibohd.dir/Scan/Devices/UARTConnect/connect_scan.c.obj
 .text.Connect_receive_ScanCode
                0x000000000000465c      0x17c CMakeFiles/kiibohd.dir/Scan/Devices/UARTConnect/connect_scan.c.obj
                0x000000000000465c                Connect_receive_ScanCode
 .text.Connect_addBytes
                0x00000000000047d8       0x20 CMakeFiles/kiibohd.dir/Scan/Devices/UARTConnect/connect_scan.c.obj
                0x00000000000047d8                Connect_addBytes
 .text.Connect_receive_RemoteCapability
                0x00000000000047f8      0x114 CMakeFiles/kiibohd.dir/Scan/Devices/UARTConnect/connect_scan.c.obj
                0x00000000000047f8                Connect_receive_RemoteCapability
 .text.Connect_send_CableCheck
                0x000000000000490c       0x88 CMakeFiles/kiibohd.dir/Scan/Devices/UARTConnect/connect_scan.c.obj
                0x000000000000490c                Connect_send_CableCheck
 .text.Connect_send_IdRequest
                0x0000000000004994       0x40 CMakeFiles/kiibohd.dir/Scan/Devices/UARTConnect/connect_scan.c.obj
                0x0000000000004994                Connect_send_IdRequest
 .text.Connect_send_IdEnumeration
                0x00000000000049d4       0x40 CMakeFiles/kiibohd.dir/Scan/Devices/UARTConnect/connect_scan.c.obj
                0x00000000000049d4                Connect_send_IdEnumeration
 .text.Connect_receive_IdRequest
                0x0000000000004a14       0x38 CMakeFiles/kiibohd.dir/Scan/Devices/UARTConnect/connect_scan.c.obj
                0x0000000000004a14                Connect_receive_IdRequest
 .text.Connect_send_IdReport
                0x0000000000004a4c       0x40 CMakeFiles/kiibohd.dir/Scan/Devices/UARTConnect/connect_scan.c.obj
                0x0000000000004a4c                Connect_send_IdReport
 .text.Connect_receive_IdEnumeration
                0x0000000000004a8c       0x4c CMakeFiles/kiibohd.dir/Scan/Devices/UARTConnect/connect_scan.c.obj
                0x0000000000004a8c                Connect_receive_IdEnumeration
 .text.Connect_receive_IdReport
                0x0000000000004ad8       0x60 CMakeFiles/kiibohd.dir/Scan/Devices/UARTConnect/connect_scan.c.obj
                0x0000000000004ad8                Connect_receive_IdReport
 .text.Connect_send_ScanCode
                0x0000000000004b38       0x58 CMakeFiles/kiibohd.dir/Scan/Devices/UARTConnect/connect_scan.c.obj
                0x0000000000004b38                Connect_send_ScanCode
 .text.cliFunc_connectCmd
                0x0000000000004b90       0x68 CMakeFiles/kiibohd.dir/Scan/Devices/UARTConnect/connect_scan.c.obj
                0x0000000000004b90                cliFunc_connectCmd
 .text.Connect_send_RemoteCapability
                0x0000000000004bf8       0xb8 CMakeFiles/kiibohd.dir/Scan/Devices/UARTConnect/connect_scan.c.obj
                0x0000000000004bf8                Connect_send_RemoteCapability
 .text.Connect_send_Idle
                0x0000000000004cb0       0x64 CMakeFiles/kiibohd.dir/Scan/Devices/UARTConnect/connect_scan.c.obj
                0x0000000000004cb0                Connect_send_Idle
 .text.cliFunc_connectIdl
                0x0000000000004d14       0x38 CMakeFiles/kiibohd.dir/Scan/Devices/UARTConnect/connect_scan.c.obj
                0x0000000000004d14                cliFunc_connectIdl
 .text.Connect_reset
                0x0000000000004d4c       0x48 CMakeFiles/kiibohd.dir/Scan/Devices/UARTConnect/connect_scan.c.obj
                0x0000000000004d4c                Connect_reset
 .text.cliFunc_connectRst
                0x0000000000004d94       0x28 CMakeFiles/kiibohd.dir/Scan/Devices/UARTConnect/connect_scan.c.obj
                0x0000000000004d94                cliFunc_connectRst
 .text.Connect_setup
                0x0000000000004dbc      0x1d4 CMakeFiles/kiibohd.dir/Scan/Devices/UARTConnect/connect_scan.c.obj
                0x0000000000004dbc                Connect_setup
 .text.Connect_rx_process
                0x0000000000004f90      0x1b8 CMakeFiles/kiibohd.dir/Scan/Devices/UARTConnect/connect_scan.c.obj
                0x0000000000004f90                Connect_rx_process
 .text.Connect_scan
                0x0000000000005148      0x1e0 CMakeFiles/kiibohd.dir/Scan/Devices/UARTConnect/connect_scan.c.obj
                0x0000000000005148                Connect_scan
 .text.Connect_currentChange
                0x0000000000005328        0x2 CMakeFiles/kiibohd.dir/Scan/Devices/UARTConnect/connect_scan.c.obj
                0x0000000000005328                Connect_currentChange
 *fill*         0x000000000000532a        0x2 
 .text.Scan_setup
                0x000000000000532c       0x28 CMakeFiles/kiibohd.dir/Scan/Infinity_Ergodox/scan_loop.c.obj
                0x000000000000532c                Scan_setup
 .text.Scan_poll
                0x0000000000005354       0x12 CMakeFiles/kiibohd.dir/Scan/Infinity_Ergodox/scan_loop.c.obj
                0x0000000000005354                Scan_poll
 .text.Scan_periodic
                0x0000000000005366        0xe CMakeFiles/kiibohd.dir/Scan/Infinity_Ergodox/scan_loop.c.obj
                0x0000000000005366                Scan_periodic
 .text.Scan_finishedWithMacro
                0x0000000000005374        0x2 CMakeFiles/kiibohd.dir/Scan/Infinity_Ergodox/scan_loop.c.obj
                0x0000000000005374                Scan_finishedWithMacro
 .text.Scan_finishedWithOutput
                0x0000000000005376        0x2 CMakeFiles/kiibohd.dir/Scan/Infinity_Ergodox/scan_loop.c.obj
                0x0000000000005376                Scan_finishedWithOutput
 .text.Scan_currentChange
                0x0000000000005378       0x1e CMakeFiles/kiibohd.dir/Scan/Infinity_Ergodox/scan_loop.c.obj
                0x0000000000005378                Scan_currentChange
 *fill*         0x0000000000005396        0x2 
 .text.cliFunc_posList
                0x0000000000005398        0xc CMakeFiles/kiibohd.dir/Macro/PartialMap/macro.c.obj
                0x0000000000005398                cliFunc_posList
 .text.cliFunc_capList
                0x00000000000053a4       0x64 CMakeFiles/kiibohd.dir/Macro/PartialMap/macro.c.obj
                0x00000000000053a4                cliFunc_capList
 .text.cliFunc_layerDebug
                0x0000000000005408       0x30 CMakeFiles/kiibohd.dir/Macro/PartialMap/macro.c.obj
                0x0000000000005408                cliFunc_layerDebug
 .text.cliFunc_macroProc
                0x0000000000005438       0x30 CMakeFiles/kiibohd.dir/Macro/PartialMap/macro.c.obj
                0x0000000000005438                cliFunc_macroProc
 .text.cliFunc_macroList
                0x0000000000005468      0x16c CMakeFiles/kiibohd.dir/Macro/PartialMap/macro.c.obj
                0x0000000000005468                cliFunc_macroList
 .text.cliFunc_macroDebug
                0x00000000000055d4       0x74 CMakeFiles/kiibohd.dir/Macro/PartialMap/macro.c.obj
                0x00000000000055d4                cliFunc_macroDebug
 .text.cliFunc_capSelect
                0x0000000000005648      0x110 CMakeFiles/kiibohd.dir/Macro/PartialMap/macro.c.obj
                0x0000000000005648                cliFunc_capSelect
 .text.cliFunc_layerState
                0x0000000000005758       0x68 CMakeFiles/kiibohd.dir/Macro/PartialMap/macro.c.obj
                0x0000000000005758                cliFunc_layerState
 .text.cliFunc_macroStep
                0x00000000000057c0       0x28 CMakeFiles/kiibohd.dir/Macro/PartialMap/macro.c.obj
                0x00000000000057c0                cliFunc_macroStep
 .text.cliFunc_layerList
                0x00000000000057e8       0xe0 CMakeFiles/kiibohd.dir/Macro/PartialMap/macro.c.obj
                0x00000000000057e8                cliFunc_layerList
 .text.cliFunc_voteDebug
                0x00000000000058c8       0x44 CMakeFiles/kiibohd.dir/Macro/PartialMap/macro.c.obj
                0x00000000000058c8                cliFunc_voteDebug
 .text.Macro_layerState.part.1
                0x000000000000590c       0xd4 CMakeFiles/kiibohd.dir/Macro/PartialMap/macro.c.obj
 .text.Macro_layerState_capability
                0x00000000000059e0       0x28 CMakeFiles/kiibohd.dir/Macro/PartialMap/macro.c.obj
                0x00000000000059e0                Macro_layerState_capability
 .text.Macro_layerLatch_capability
                0x0000000000005a08       0x28 CMakeFiles/kiibohd.dir/Macro/PartialMap/macro.c.obj
                0x0000000000005a08                Macro_layerLatch_capability
 .text.Macro_layerLock_capability
                0x0000000000005a30       0x28 CMakeFiles/kiibohd.dir/Macro/PartialMap/macro.c.obj
                0x0000000000005a30                Macro_layerLock_capability
 .text.Macro_layerShift_capability
                0x0000000000005a58       0x3c CMakeFiles/kiibohd.dir/Macro/PartialMap/macro.c.obj
                0x0000000000005a58                Macro_layerShift_capability
 .text.Macro_layerRotate_capability
                0x0000000000005a94       0x64 CMakeFiles/kiibohd.dir/Macro/PartialMap/macro.c.obj
                0x0000000000005a94                Macro_layerRotate_capability
 .text.Macro_showScheduleType
                0x0000000000005af8       0x74 CMakeFiles/kiibohd.dir/Macro/PartialMap/macro.c.obj
                0x0000000000005af8                Macro_showScheduleType
 .text.Macro_showTriggerType
                0x0000000000005b6c       0x48 CMakeFiles/kiibohd.dir/Macro/PartialMap/macro.c.obj
                0x0000000000005b6c                Macro_showTriggerType
 .text.Macro_showTriggerEvent
                0x0000000000005bb4       0x3c CMakeFiles/kiibohd.dir/Macro/PartialMap/macro.c.obj
                0x0000000000005bb4                Macro_showTriggerEvent
 .text.Macro_layerLookup
                0x0000000000005bf0      0x11c CMakeFiles/kiibohd.dir/Macro/PartialMap/macro.c.obj
                0x0000000000005bf0                Macro_layerLookup
 .text.Macro_pressReleaseAdd
                0x0000000000005d0c       0xbc CMakeFiles/kiibohd.dir/Macro/PartialMap/macro.c.obj
                0x0000000000005d0c                Macro_pressReleaseAdd
 .text.Macro_keyState
                0x0000000000005dc8       0x60 CMakeFiles/kiibohd.dir/Macro/PartialMap/macro.c.obj
                0x0000000000005dc8                Macro_keyState
 .text.cliFunc_keyHold
                0x0000000000005e28       0x30 CMakeFiles/kiibohd.dir/Macro/PartialMap/macro.c.obj
                0x0000000000005e28                cliFunc_keyHold
 .text.cliFunc_keyPress
                0x0000000000005e58       0x30 CMakeFiles/kiibohd.dir/Macro/PartialMap/macro.c.obj
                0x0000000000005e58                cliFunc_keyPress
 .text.cliFunc_keyRelease
                0x0000000000005e88       0x30 CMakeFiles/kiibohd.dir/Macro/PartialMap/macro.c.obj
                0x0000000000005e88                cliFunc_keyRelease
 .text.Macro_appendResultMacroToPendingList
                0x0000000000005eb8       0x98 CMakeFiles/kiibohd.dir/Macro/PartialMap/macro.c.obj
                0x0000000000005eb8                Macro_appendResultMacroToPendingList
 .text.Macro_poll
                0x0000000000005f50        0x4 CMakeFiles/kiibohd.dir/Macro/PartialMap/macro.c.obj
                0x0000000000005f50                Macro_poll
 .text.Macro_periodic
                0x0000000000005f54      0x164 CMakeFiles/kiibohd.dir/Macro/PartialMap/macro.c.obj
                0x0000000000005f54                Macro_periodic
 .text.Macro_setup
                0x00000000000060b8       0x6c CMakeFiles/kiibohd.dir/Macro/PartialMap/macro.c.obj
                0x00000000000060b8                Macro_setup
 .text.macroDebugShowTrigger
                0x0000000000006124      0x114 CMakeFiles/kiibohd.dir/Macro/PartialMap/macro.c.obj
                0x0000000000006124                macroDebugShowTrigger
 .text.macroDebugShowResult
                0x0000000000006238      0x170 CMakeFiles/kiibohd.dir/Macro/PartialMap/macro.c.obj
                0x0000000000006238                macroDebugShowResult
 .text.cliFunc_macroShow
                0x00000000000063a8       0x40 CMakeFiles/kiibohd.dir/Macro/PartialMap/macro.c.obj
                0x00000000000063a8                cliFunc_macroShow
 .text.Macro_evalResultMacro
                0x00000000000063e8      0x100 CMakeFiles/kiibohd.dir/Macro/PartialMap/result.c.obj
                0x00000000000063e8                Macro_evalResultMacro
 .text.Result_setup
                0x00000000000064e8       0x30 CMakeFiles/kiibohd.dir/Macro/PartialMap/result.c.obj
                0x00000000000064e8                Result_setup
 .text.Result_process_delayed
                0x0000000000006518       0x48 CMakeFiles/kiibohd.dir/Macro/PartialMap/result.c.obj
                0x0000000000006518                Result_process_delayed
 .text.Result_process
                0x0000000000006560       0x50 CMakeFiles/kiibohd.dir/Macro/PartialMap/result.c.obj
                0x0000000000006560                Result_process
 .text.Trigger_showTriggerMacroVote
                0x00000000000065b0       0x6c CMakeFiles/kiibohd.dir/Macro/PartialMap/trigger.c.obj
                0x00000000000065b0                Trigger_showTriggerMacroVote
 .text.Macro_isLongResultMacro
                0x000000000000661c       0x2c CMakeFiles/kiibohd.dir/Macro/PartialMap/trigger.c.obj
                0x000000000000661c                Macro_isLongResultMacro
 .text.Trigger_isLongTriggerMacro
                0x0000000000006648        0xe CMakeFiles/kiibohd.dir/Macro/PartialMap/trigger.c.obj
                0x0000000000006648                Trigger_isLongTriggerMacro
 *fill*         0x0000000000006656        0x2 
 .text.Trigger_evalShortTriggerMacroVote
                0x0000000000006658       0x70 CMakeFiles/kiibohd.dir/Macro/PartialMap/trigger.c.obj
                0x0000000000006658                Trigger_evalShortTriggerMacroVote
 .text.Trigger_evalLongTriggerMacroVote
                0x00000000000066c8       0x80 CMakeFiles/kiibohd.dir/Macro/PartialMap/trigger.c.obj
                0x00000000000066c8                Trigger_evalLongTriggerMacroVote
 .text.Trigger_evalTriggerMacro
                0x0000000000006748      0x19c CMakeFiles/kiibohd.dir/Macro/PartialMap/trigger.c.obj
                0x0000000000006748                Trigger_evalTriggerMacro
 .text.Trigger_updateTriggerMacroPendingList
                0x00000000000068e4       0xb0 CMakeFiles/kiibohd.dir/Macro/PartialMap/trigger.c.obj
                0x00000000000068e4                Trigger_updateTriggerMacroPendingList
 .text.Trigger_setup
                0x0000000000006994       0x1c CMakeFiles/kiibohd.dir/Macro/PartialMap/trigger.c.obj
                0x0000000000006994                Trigger_setup
 .text.Trigger_process
                0x00000000000069b0       0x74 CMakeFiles/kiibohd.dir/Macro/PartialMap/trigger.c.obj
                0x00000000000069b0                Trigger_process
 .text.cliFunc_aniAdd
                0x0000000000006a24        0xc CMakeFiles/kiibohd.dir/Macro/PixelMap/pixel.c.obj
                0x0000000000006a24                cliFunc_aniAdd
 .text.cliFunc_aniDel
                0x0000000000006a30       0x1c CMakeFiles/kiibohd.dir/Macro/PixelMap/pixel.c.obj
                0x0000000000006a30                cliFunc_aniDel
 .text.cliFunc_aniStack
                0x0000000000006a4c       0xc8 CMakeFiles/kiibohd.dir/Macro/PixelMap/pixel.c.obj
                0x0000000000006a4c                cliFunc_aniStack
 .text.cliFunc_pixelList
                0x0000000000006b14      0x140 CMakeFiles/kiibohd.dir/Macro/PixelMap/pixel.c.obj
                0x0000000000006b14                cliFunc_pixelList
 .text.Pixel_AnimationIndex_capability
                0x0000000000006c54       0x38 CMakeFiles/kiibohd.dir/Macro/PixelMap/pixel.c.obj
                0x0000000000006c54                Pixel_AnimationIndex_capability
 .text.Pixel_Pixel_capability
                0x0000000000006c8c       0x14 CMakeFiles/kiibohd.dir/Macro/PixelMap/pixel.c.obj
                0x0000000000006c8c                Pixel_Pixel_capability
 .text.Pixel_AnimationControl_capability
                0x0000000000006ca0       0x5c CMakeFiles/kiibohd.dir/Macro/PixelMap/pixel.c.obj
                0x0000000000006ca0                Pixel_AnimationControl_capability
 .text.Pixel_showPixelElement
                0x0000000000006cfc       0x5c CMakeFiles/kiibohd.dir/Macro/PixelMap/pixel.c.obj
                0x0000000000006cfc                Pixel_showPixelElement
 .text.Pixel_clearAnimations
                0x0000000000006d58       0x24 CMakeFiles/kiibohd.dir/Macro/PixelMap/pixel.c.obj
                0x0000000000006d58                Pixel_clearAnimations
 .text.Pixel_lookupAnimation
                0x0000000000006d7c       0x28 CMakeFiles/kiibohd.dir/Macro/PixelMap/pixel.c.obj
                0x0000000000006d7c                Pixel_lookupAnimation
 .text.Pixel_addAnimation
                0x0000000000006da4       0x98 CMakeFiles/kiibohd.dir/Macro/PixelMap/pixel.c.obj
                0x0000000000006da4                Pixel_addAnimation
 .text.Pixel_Animation_capability
                0x0000000000006e3c       0x58 CMakeFiles/kiibohd.dir/Macro/PixelMap/pixel.c.obj
                0x0000000000006e3c                Pixel_Animation_capability
 .text.Pixel_bufferMap
                0x0000000000006e94       0x5c CMakeFiles/kiibohd.dir/Macro/PixelMap/pixel.c.obj
                0x0000000000006e94                Pixel_bufferMap
 .text.Pixel_pixelEvaluation
                0x0000000000006ef0      0x320 CMakeFiles/kiibohd.dir/Macro/PixelMap/pixel.c.obj
                0x0000000000006ef0                Pixel_pixelEvaluation
 .text.Pixel_pixelTweenNextPos
                0x0000000000007210       0x2c CMakeFiles/kiibohd.dir/Macro/PixelMap/pixel.c.obj
                0x0000000000007210                Pixel_pixelTweenNextPos
 .text.Pixel_channelSet
                0x000000000000723c       0x60 CMakeFiles/kiibohd.dir/Macro/PixelMap/pixel.c.obj
                0x000000000000723c                Pixel_channelSet
 .text.Pixel_channelToggle
                0x000000000000729c       0x6c CMakeFiles/kiibohd.dir/Macro/PixelMap/pixel.c.obj
                0x000000000000729c                Pixel_channelToggle
 .text.cliFunc_chanTest
                0x0000000000007308       0xfc CMakeFiles/kiibohd.dir/Macro/PixelMap/pixel.c.obj
                0x0000000000007308                cliFunc_chanTest
 .text.Pixel_pixelSet
                0x0000000000007404       0x24 CMakeFiles/kiibohd.dir/Macro/PixelMap/pixel.c.obj
                0x0000000000007404                Pixel_pixelSet
 .text.Pixel_clearPixels
                0x0000000000007428       0x1c CMakeFiles/kiibohd.dir/Macro/PixelMap/pixel.c.obj
                0x0000000000007428                Pixel_clearPixels
 .text.Pixel_pixelToggle
                0x0000000000007444       0x20 CMakeFiles/kiibohd.dir/Macro/PixelMap/pixel.c.obj
                0x0000000000007444                Pixel_pixelToggle
 .text.cliFunc_pixelTest
                0x0000000000007464      0x120 CMakeFiles/kiibohd.dir/Macro/PixelMap/pixel.c.obj
                0x0000000000007464                cliFunc_pixelTest
 .text.cliFunc_pixelSCTest
                0x0000000000007584       0xfc CMakeFiles/kiibohd.dir/Macro/PixelMap/pixel.c.obj
                0x0000000000007584                cliFunc_pixelSCTest
 .text.cliFunc_pixelXYTest
                0x0000000000007680      0x20c CMakeFiles/kiibohd.dir/Macro/PixelMap/pixel.c.obj
                0x0000000000007680                cliFunc_pixelXYTest
 .text.Pixel_determineLastTriggerScanCode
                0x000000000000788c       0x24 CMakeFiles/kiibohd.dir/Macro/PixelMap/pixel.c.obj
                0x000000000000788c                Pixel_determineLastTriggerScanCode
 .text.Pixel_fillPixelLookup
                0x00000000000078b0      0x254 CMakeFiles/kiibohd.dir/Macro/PixelMap/pixel.c.obj
                0x00000000000078b0                Pixel_fillPixelLookup
 .text.Pixel_pixelTweenStandard
                0x0000000000007b04       0x5a CMakeFiles/kiibohd.dir/Macro/PixelMap/pixel.c.obj
                0x0000000000007b04                Pixel_pixelTweenStandard
 .text.Pixel_pixelTweenInterpolation
                0x0000000000007b5e      0x1f2 CMakeFiles/kiibohd.dir/Macro/PixelMap/pixel.c.obj
                0x0000000000007b5e                Pixel_pixelTweenInterpolation
 .text.Pixel_frameTweenStandard
                0x0000000000007d50       0x20 CMakeFiles/kiibohd.dir/Macro/PixelMap/pixel.c.obj
                0x0000000000007d50                Pixel_frameTweenStandard
 .text.Pixel_animationProcess
                0x0000000000007d70       0x74 CMakeFiles/kiibohd.dir/Macro/PixelMap/pixel.c.obj
                0x0000000000007d70                Pixel_animationProcess
 .text.Pixel_stackProcess
                0x0000000000007de4       0x44 CMakeFiles/kiibohd.dir/Macro/PixelMap/pixel.c.obj
                0x0000000000007de4                Pixel_stackProcess
 .text.Pixel_updateUSBLEDs
                0x0000000000007e28       0x10 CMakeFiles/kiibohd.dir/Macro/PixelMap/pixel.c.obj
                0x0000000000007e28                Pixel_updateUSBLEDs
 .text.Pixel_setAnimationControl
                0x0000000000007e38        0xc CMakeFiles/kiibohd.dir/Macro/PixelMap/pixel.c.obj
                0x0000000000007e38                Pixel_setAnimationControl
 .text.Pixel_process
                0x0000000000007e44      0x1fc CMakeFiles/kiibohd.dir/Macro/PixelMap/pixel.c.obj
                0x0000000000007e44                Pixel_process
 .text.Pixel_setup
                0x0000000000008040       0x48 CMakeFiles/kiibohd.dir/Macro/PixelMap/pixel.c.obj
                0x0000000000008040                Pixel_setup
 .text.Pixel_dispBuffer
                0x0000000000008088       0xb8 CMakeFiles/kiibohd.dir/Macro/PixelMap/pixel.c.obj
                0x0000000000008088                Pixel_dispBuffer
 .text.cliFunc_rectDisp
                0x0000000000008140       0x14 CMakeFiles/kiibohd.dir/Macro/PixelMap/pixel.c.obj
                0x0000000000008140                cliFunc_rectDisp
 .text.HIDIO_supported_0_call
                0x0000000000008154        0x4 CMakeFiles/kiibohd.dir/Output/HID-IO/hidio_com.c.obj
                0x0000000000008154                HIDIO_supported_0_call
 .text.HIDIO_supported_0_reply
                0x0000000000008158        0x4 CMakeFiles/kiibohd.dir/Output/HID-IO/hidio_com.c.obj
                0x0000000000008158                HIDIO_supported_0_reply
 .text.HIDIO_test_2_reply
                0x000000000000815c       0x34 CMakeFiles/kiibohd.dir/Output/HID-IO/hidio_com.c.obj
                0x000000000000815c                HIDIO_test_2_reply
 .text.HIDIO_info_1_reply
                0x0000000000008190        0x4 CMakeFiles/kiibohd.dir/Output/HID-IO/hidio_com.c.obj
                0x0000000000008190                HIDIO_info_1_reply
 .text.HIDIO_info_1_call
                0x0000000000008194        0x4 CMakeFiles/kiibohd.dir/Output/HID-IO/hidio_com.c.obj
                0x0000000000008194                HIDIO_info_1_call
 .text.HIDIO_buffer_munch
                0x0000000000008198       0x38 CMakeFiles/kiibohd.dir/Output/HID-IO/hidio_com.c.obj
                0x0000000000008198                HIDIO_buffer_munch
 .text.HIDIO_buffer_push_byte
                0x00000000000081d0       0x1a CMakeFiles/kiibohd.dir/Output/HID-IO/hidio_com.c.obj
                0x00000000000081d0                HIDIO_buffer_push_byte
 .text.HIDIO_modify_buffer
                0x00000000000081ea       0x2a CMakeFiles/kiibohd.dir/Output/HID-IO/hidio_com.c.obj
                0x00000000000081ea                HIDIO_modify_buffer
 .text.HIDIO_buffer_pop_bytes
                0x0000000000008214       0x4c CMakeFiles/kiibohd.dir/Output/HID-IO/hidio_com.c.obj
                0x0000000000008214                HIDIO_buffer_pop_bytes
 .text.HIDIO_buffer_free_bytes
                0x0000000000008260       0x14 CMakeFiles/kiibohd.dir/Output/HID-IO/hidio_com.c.obj
                0x0000000000008260                HIDIO_buffer_free_bytes
 .text.HIDIO_buffer_position
                0x0000000000008274       0x12 CMakeFiles/kiibohd.dir/Output/HID-IO/hidio_com.c.obj
                0x0000000000008274                HIDIO_buffer_position
 .text.HIDIO_buffer_id
                0x0000000000008286        0xe CMakeFiles/kiibohd.dir/Output/HID-IO/hidio_com.c.obj
                0x0000000000008286                HIDIO_buffer_id
 .text.HIDIO_payload_start
                0x0000000000008294        0xc CMakeFiles/kiibohd.dir/Output/HID-IO/hidio_com.c.obj
                0x0000000000008294                HIDIO_payload_start
 .text.HIDIO_buffer_generate_packet
                0x00000000000082a0      0x1d8 CMakeFiles/kiibohd.dir/Output/HID-IO/hidio_com.c.obj
                0x00000000000082a0                HIDIO_buffer_generate_packet
 .text.HIDIO_test_2_call
                0x0000000000008478       0xa8 CMakeFiles/kiibohd.dir/Output/HID-IO/hidio_com.c.obj
                0x0000000000008478                HIDIO_test_2_call
 .text.HIDIO_nopayload_ack
                0x0000000000008520       0x20 CMakeFiles/kiibohd.dir/Output/HID-IO/hidio_com.c.obj
                0x0000000000008520                HIDIO_nopayload_ack
 .text.HIDIO_register_id
                0x0000000000008540       0x48 CMakeFiles/kiibohd.dir/Output/HID-IO/hidio_com.c.obj
                0x0000000000008540                HIDIO_register_id
 .text.HIDIO_call_id
                0x0000000000008588       0x90 CMakeFiles/kiibohd.dir/Output/HID-IO/hidio_com.c.obj
                0x0000000000008588                HIDIO_call_id
 .text.HIDIO_reply_id
                0x0000000000008618       0x90 CMakeFiles/kiibohd.dir/Output/HID-IO/hidio_com.c.obj
                0x0000000000008618                HIDIO_reply_id
 .text.HIDIO_setup
                0x00000000000086a8       0xd8 CMakeFiles/kiibohd.dir/Output/HID-IO/hidio_com.c.obj
                0x00000000000086a8                HIDIO_setup
 .text.HIDIO_process_incoming_packet
                0x0000000000008780      0x228 CMakeFiles/kiibohd.dir/Output/HID-IO/hidio_com.c.obj
                0x0000000000008780                HIDIO_process_incoming_packet
 .text.HIDIO_process
                0x00000000000089a8       0x9c CMakeFiles/kiibohd.dir/Output/HID-IO/hidio_com.c.obj
                0x00000000000089a8                HIDIO_process
 .text.cliFunc_outputDebug
                0x0000000000008a44       0x2c CMakeFiles/kiibohd.dir/Output/Interface/output_gen.c.obj
                0x0000000000008a44                cliFunc_outputDebug
 .text.Output_flashMode_capability
                0x0000000000008a70       0x18 CMakeFiles/kiibohd.dir/Output/Interface/output_gen.c.obj
                0x0000000000008a70                Output_flashMode_capability
 .text.OutputGen_setup
                0x0000000000008a88       0x38 CMakeFiles/kiibohd.dir/Output/Interface/output_gen.c.obj
                0x0000000000008a88                OutputGen_setup
 .text.Output_current_available
                0x0000000000008ac0       0x18 CMakeFiles/kiibohd.dir/Output/Interface/output_gen.c.obj
                0x0000000000008ac0                Output_current_available
 .text.Output_update_usb_current
                0x0000000000008ad8       0x20 CMakeFiles/kiibohd.dir/Output/Interface/output_gen.c.obj
                0x0000000000008ad8                Output_update_usb_current
 .text.Output_update_external_current
                0x0000000000008af8       0x40 CMakeFiles/kiibohd.dir/Output/Interface/output_gen.c.obj
                0x0000000000008af8                Output_update_external_current
 .text.cliFunc_current
                0x0000000000008b38       0x30 CMakeFiles/kiibohd.dir/Output/Interface/output_gen.c.obj
                0x0000000000008b38                cliFunc_current
 .text.Output_setup
                0x0000000000008b68        0xe CMakeFiles/kiibohd.dir/Output/USB/output_com.c.obj
                0x0000000000008b68                Output_setup
 .text.Output_poll
                0x0000000000008b76        0x4 CMakeFiles/kiibohd.dir/Output/USB/output_com.c.obj
                0x0000000000008b76                Output_poll
 .text.Output_periodic
                0x0000000000008b7a        0x4 CMakeFiles/kiibohd.dir/Output/USB/output_com.c.obj
                0x0000000000008b7a                Output_periodic
 .text.Output_firmwareReload
                0x0000000000008b7e        0x4 CMakeFiles/kiibohd.dir/Output/USB/output_com.c.obj
                0x0000000000008b7e                Output_firmwareReload
 .text.Output_softReset
                0x0000000000008b82        0x4 CMakeFiles/kiibohd.dir/Output/USB/output_com.c.obj
                0x0000000000008b82                Output_softReset
 .text.Output_availablechar
                0x0000000000008b86        0x4 CMakeFiles/kiibohd.dir/Output/USB/output_com.c.obj
                0x0000000000008b86                Output_availablechar
 .text.Output_getchar
                0x0000000000008b8a        0x4 CMakeFiles/kiibohd.dir/Output/USB/output_com.c.obj
                0x0000000000008b8a                Output_getchar
 .text.Output_putstr
                0x0000000000008b8e        0x4 CMakeFiles/kiibohd.dir/Output/USB/output_com.c.obj
                0x0000000000008b8e                Output_putstr
 .text.Output_rawio_availablechar
                0x0000000000008b92        0x4 CMakeFiles/kiibohd.dir/Output/USB/output_com.c.obj
                0x0000000000008b92                Output_rawio_availablechar
 .text.Output_rawio_getbuffer
                0x0000000000008b96        0x4 CMakeFiles/kiibohd.dir/Output/USB/output_com.c.obj
                0x0000000000008b96                Output_rawio_getbuffer
 .text.Output_rawio_sendbuffer
                0x0000000000008b9a        0x4 CMakeFiles/kiibohd.dir/Output/USB/output_com.c.obj
                0x0000000000008b9a                Output_rawio_sendbuffer
 *fill*         0x0000000000008b9e        0x2 
 .text.cliFunc_idle
                0x0000000000008ba0       0x54 CMakeFiles/kiibohd.dir/Output/USB/output_usb.c.obj
                0x0000000000008ba0                cliFunc_idle
 .text.cliFunc_readLEDs
                0x0000000000008bf4       0x28 CMakeFiles/kiibohd.dir/Output/USB/output_usb.c.obj
                0x0000000000008bf4                cliFunc_readLEDs
 .text.cliFunc_usbInitTime
                0x0000000000008c1c       0x50 CMakeFiles/kiibohd.dir/Output/USB/output_usb.c.obj
                0x0000000000008c1c                cliFunc_usbInitTime
 .text.cliFunc_kbdProtocol
                0x0000000000008c6c       0x5c CMakeFiles/kiibohd.dir/Output/USB/output_usb.c.obj
                0x0000000000008c6c                cliFunc_kbdProtocol
 .text.Output_consCtrlSend_capability
                0x0000000000008cc8       0x44 CMakeFiles/kiibohd.dir/Output/USB/output_usb.c.obj
                0x0000000000008cc8                Output_consCtrlSend_capability
 .text.Output_noneSend_capability
                0x0000000000008d0c       0x14 CMakeFiles/kiibohd.dir/Output/USB/output_usb.c.obj
                0x0000000000008d0c                Output_noneSend_capability
 .text.Output_sysCtrlSend_capability
                0x0000000000008d20       0x44 CMakeFiles/kiibohd.dir/Output/USB/output_usb.c.obj
                0x0000000000008d20                Output_sysCtrlSend_capability
 .text.Output_usbMouse_capability
                0x0000000000008d64       0x84 CMakeFiles/kiibohd.dir/Output/USB/output_usb.c.obj
                0x0000000000008d64                Output_usbMouse_capability
 .text.USB_flushBuffers
                0x0000000000008de8       0x34 CMakeFiles/kiibohd.dir/Output/USB/output_usb.c.obj
                0x0000000000008de8                USB_flushBuffers
 .text.Output_kbdProtocolBoot_capability
                0x0000000000008e1c       0x40 CMakeFiles/kiibohd.dir/Output/USB/output_usb.c.obj
                0x0000000000008e1c                Output_kbdProtocolBoot_capability
 .text.Output_kbdProtocolNKRO_capability
                0x0000000000008e5c       0x40 CMakeFiles/kiibohd.dir/Output/USB/output_usb.c.obj
                0x0000000000008e5c                Output_kbdProtocolNKRO_capability
 .text.Output_toggleKbdProtocol_capability
                0x0000000000008e9c       0x44 CMakeFiles/kiibohd.dir/Output/USB/output_usb.c.obj
                0x0000000000008e9c                Output_toggleKbdProtocol_capability
 .text.Output_usbCodeSend_capability
                0x0000000000008ee0      0x224 CMakeFiles/kiibohd.dir/Output/USB/output_usb.c.obj
                0x0000000000008ee0                Output_usbCodeSend_capability
 .text.USB_setup
                0x0000000000009104       0x5c CMakeFiles/kiibohd.dir/Output/USB/output_usb.c.obj
                0x0000000000009104                USB_setup
 .text.USB_poll
                0x0000000000009160       0x24 CMakeFiles/kiibohd.dir/Output/USB/output_usb.c.obj
                0x0000000000009160                USB_poll
 .text.USB_periodic
                0x0000000000009184       0xac CMakeFiles/kiibohd.dir/Output/USB/output_usb.c.obj
                0x0000000000009184                USB_periodic
 .text.USB_firmwareReload
                0x0000000000009230        0x4 CMakeFiles/kiibohd.dir/Output/USB/output_usb.c.obj
                0x0000000000009230                USB_firmwareReload
 .text.USB_softReset
                0x0000000000009234       0x10 CMakeFiles/kiibohd.dir/Output/USB/output_usb.c.obj
                0x0000000000009234                USB_softReset
 .text.USB_availablechar
                0x0000000000009244        0x4 CMakeFiles/kiibohd.dir/Output/USB/output_usb.c.obj
                0x0000000000009244                USB_availablechar
 .text.USB_getchar
                0x0000000000009248        0x4 CMakeFiles/kiibohd.dir/Output/USB/output_usb.c.obj
                0x0000000000009248                USB_getchar
 .text.USB_putstr
                0x000000000000924c       0x10 CMakeFiles/kiibohd.dir/Output/USB/output_usb.c.obj
                0x000000000000924c                USB_putstr
 .text.USB_rawio_availablechar
                0x000000000000925c        0x4 CMakeFiles/kiibohd.dir/Output/USB/output_usb.c.obj
                0x000000000000925c                USB_rawio_availablechar
 .text.USB_rawio_getbuffer
                0x0000000000009260        0x6 CMakeFiles/kiibohd.dir/Output/USB/output_usb.c.obj
                0x0000000000009260                USB_rawio_getbuffer
 .text.USB_rawio_sendbuffer
                0x0000000000009266        0x6 CMakeFiles/kiibohd.dir/Output/USB/output_usb.c.obj
                0x0000000000009266                USB_rawio_sendbuffer
 .text.usb_set_config_descriptor_size
                0x000000000000926c       0x10 CMakeFiles/kiibohd.dir/Output/USB/arm/usb_desc.c.obj
                0x000000000000926c                usb_set_config_descriptor_size
 .text.endpoint0_transmit
                0x000000000000927c       0x40 CMakeFiles/kiibohd.dir/Output/USB/arm/usb_dev.c.obj
 .text.usb_device_check
                0x00000000000092bc       0x30 CMakeFiles/kiibohd.dir/Output/USB/arm/usb_dev.c.obj
                0x00000000000092bc                usb_device_check
 .text.usb_rx   0x00000000000092ec       0x38 CMakeFiles/kiibohd.dir/Output/USB/arm/usb_dev.c.obj
                0x00000000000092ec                usb_rx
 .text.usb_tx_packet_count
                0x0000000000009324       0x24 CMakeFiles/kiibohd.dir/Output/USB/arm/usb_dev.c.obj
                0x0000000000009324                usb_tx_packet_count
 .text.usb_rx_memory
                0x0000000000009348       0x78 CMakeFiles/kiibohd.dir/Output/USB/arm/usb_dev.c.obj
                0x0000000000009348                usb_rx_memory
 .text.usb_resume
                0x00000000000093c0       0x44 CMakeFiles/kiibohd.dir/Output/USB/arm/usb_dev.c.obj
                0x00000000000093c0                usb_resume
 .text.usb_tx   0x0000000000009404       0xa4 CMakeFiles/kiibohd.dir/Output/USB/arm/usb_dev.c.obj
                0x0000000000009404                usb_tx
 .text.usb_device_reload
                0x00000000000094a8       0x34 CMakeFiles/kiibohd.dir/Output/USB/arm/usb_dev.c.obj
                0x00000000000094a8                usb_device_reload
 .text.usb_isr  0x00000000000094dc      0x890 CMakeFiles/kiibohd.dir/Output/USB/arm/usb_dev.c.obj
                0x00000000000094dc                usb_isr
 .text.usb_init
                0x0000000000009d6c      0x120 CMakeFiles/kiibohd.dir/Output/USB/arm/usb_dev.c.obj
                0x0000000000009d6c                usb_init
 .text.usb_keyboard_send
                0x0000000000009e8c      0x2f4 CMakeFiles/kiibohd.dir/Output/USB/arm/usb_keyboard.c.obj
                0x0000000000009e8c                usb_keyboard_send
 .text.usb_keyboard_idle_update
                0x000000000000a180       0x4c CMakeFiles/kiibohd.dir/Output/USB/arm/usb_keyboard.c.obj
                0x000000000000a180                usb_keyboard_idle_update
 .text.usb_keyboard_clear
                0x000000000000a1cc       0x22 CMakeFiles/kiibohd.dir/Output/USB/arm/usb_keyboard.c.obj
                0x000000000000a1cc                usb_keyboard_clear
 *fill*         0x000000000000a1ee        0x2 
 .text.usb_malloc
                0x000000000000a1f0       0x3c CMakeFiles/kiibohd.dir/Output/USB/arm/usb_mem.c.obj
                0x000000000000a1f0                usb_malloc
 .text.usb_free
                0x000000000000a22c       0x44 CMakeFiles/kiibohd.dir/Output/USB/arm/usb_mem.c.obj
                0x000000000000a22c                usb_free
 .text.usb_mouse_send
                0x000000000000a270       0xb8 CMakeFiles/kiibohd.dir/Output/USB/arm/usb_mouse.c.obj
                0x000000000000a270                usb_mouse_send
 .text.usb_rawio_available
                0x000000000000a328       0x18 CMakeFiles/kiibohd.dir/Output/USB/arm/usb_rawio.c.obj
                0x000000000000a328                usb_rawio_available
 .text.usb_rawio_rx
                0x000000000000a340       0x6c CMakeFiles/kiibohd.dir/Output/USB/arm/usb_rawio.c.obj
                0x000000000000a340                usb_rawio_rx
 .text.usb_rawio_tx
                0x000000000000a3ac       0x7c CMakeFiles/kiibohd.dir/Output/USB/arm/usb_rawio.c.obj
                0x000000000000a3ac                usb_rawio_tx
 .text.usb_serial_getchar
                0x000000000000a428       0x4c CMakeFiles/kiibohd.dir/Output/USB/arm/usb_serial.c.obj
                0x000000000000a428                usb_serial_getchar
 .text.usb_serial_available
                0x000000000000a474       0x1c CMakeFiles/kiibohd.dir/Output/USB/arm/usb_serial.c.obj
                0x000000000000a474                usb_serial_available
 .text.usb_serial_write
                0x000000000000a490       0xdc CMakeFiles/kiibohd.dir/Output/USB/arm/usb_serial.c.obj
                0x000000000000a490                usb_serial_write
 .text.usb_serial_flush_callback
                0x000000000000a56c       0x48 CMakeFiles/kiibohd.dir/Output/USB/arm/usb_serial.c.obj
                0x000000000000a56c                usb_serial_flush_callback
 .text.cliFunc_clear
                0x000000000000a5b4        0xc CMakeFiles/kiibohd.dir/Debug/cli/cli.c.obj
                0x000000000000a5b4                cliFunc_clear
 .text.cliFunc_colorTest
                0x000000000000a5c0       0x1c CMakeFiles/kiibohd.dir/Debug/cli/cli.c.obj
                0x000000000000a5c0                cliFunc_colorTest
 .text.cliFunc_reload
                0x000000000000a5dc       0x24 CMakeFiles/kiibohd.dir/Debug/cli/cli.c.obj
                0x000000000000a5dc                cliFunc_reload
 .text.cliFunc_reset
                0x000000000000a600        0xc CMakeFiles/kiibohd.dir/Debug/cli/cli.c.obj
                0x000000000000a600                cliFunc_reset
 .text.cliFunc_help
                0x000000000000a60c       0xc0 CMakeFiles/kiibohd.dir/Debug/cli/cli.c.obj
                0x000000000000a60c                cliFunc_help
 .text.cliFunc_led
                0x000000000000a6cc       0x14 CMakeFiles/kiibohd.dir/Debug/cli/cli.c.obj
                0x000000000000a6cc                cliFunc_led
 .text.cliFunc_restart
                0x000000000000a6e0        0x4 CMakeFiles/kiibohd.dir/Debug/cli/cli.c.obj
                0x000000000000a6e0                cliFunc_restart
 .text.cliFunc_tick
                0x000000000000a6e4       0x5c CMakeFiles/kiibohd.dir/Debug/cli/cli.c.obj
                0x000000000000a6e4                cliFunc_tick
 .text.cliFunc_cliDebug
                0x000000000000a740       0x38 CMakeFiles/kiibohd.dir/Debug/cli/cli.c.obj
                0x000000000000a740                cliFunc_cliDebug
 .text.cliFunc_rand
                0x000000000000a778       0x38 CMakeFiles/kiibohd.dir/Debug/cli/cli.c.obj
                0x000000000000a778                cliFunc_rand
 .text.ChipVersion_cpuid_partno
                0x000000000000a7b0       0x28 CMakeFiles/kiibohd.dir/Debug/cli/cli.c.obj
                0x000000000000a7b0                ChipVersion_cpuid_partno
 .text.ChipVersion_cpuid_implementor
                0x000000000000a7d8       0x20 CMakeFiles/kiibohd.dir/Debug/cli/cli.c.obj
                0x000000000000a7d8                ChipVersion_cpuid_implementor
 .text.ChipVersion_lookup
                0x000000000000a7f8       0xa4 CMakeFiles/kiibohd.dir/Debug/cli/cli.c.obj
                0x000000000000a7f8                ChipVersion_lookup
 .text.cliFunc_version
                0x000000000000a89c      0x338 CMakeFiles/kiibohd.dir/Debug/cli/cli.c.obj
                0x000000000000a89c                cliFunc_version
 .text.prompt   0x000000000000abd4       0x1c CMakeFiles/kiibohd.dir/Debug/cli/cli.c.obj
                0x000000000000abd4                prompt
 .text.CLI_argumentIsolation
                0x000000000000abf0       0x2c CMakeFiles/kiibohd.dir/Debug/cli/cli.c.obj
                0x000000000000abf0                CLI_argumentIsolation
 .text.cliFunc_periodic
                0x000000000000ac1c       0x3c CMakeFiles/kiibohd.dir/Debug/cli/cli.c.obj
                0x000000000000ac1c                cliFunc_periodic
 .text.CLI_commandLookup
                0x000000000000ac58       0xcc CMakeFiles/kiibohd.dir/Debug/cli/cli.c.obj
                0x000000000000ac58                CLI_commandLookup
 .text.CLI_registerDictionary
                0x000000000000ad24       0x38 CMakeFiles/kiibohd.dir/Debug/cli/cli.c.obj
                0x000000000000ad24                CLI_registerDictionary
 .text.CLI_init
                0x000000000000ad5c       0x58 CMakeFiles/kiibohd.dir/Debug/cli/cli.c.obj
                0x000000000000ad5c                CLI_init
 .text.CLI_tabCompletion
                0x000000000000adb4       0xb8 CMakeFiles/kiibohd.dir/Debug/cli/cli.c.obj
                0x000000000000adb4                CLI_tabCompletion
 .text.CLI_wrap
                0x000000000000ae6c       0x28 CMakeFiles/kiibohd.dir/Debug/cli/cli.c.obj
                0x000000000000ae6c                CLI_wrap
 .text.CLI_saveHistory
                0x000000000000ae94       0x50 CMakeFiles/kiibohd.dir/Debug/cli/cli.c.obj
                0x000000000000ae94                CLI_saveHistory
 .text.CLI_retreiveHistory
                0x000000000000aee4       0x44 CMakeFiles/kiibohd.dir/Debug/cli/cli.c.obj
                0x000000000000aee4                CLI_retreiveHistory
 .text.CLI_process
                0x000000000000af28      0x208 CMakeFiles/kiibohd.dir/Debug/cli/cli.c.obj
                0x000000000000af28                CLI_process
 .text.printLatency
                0x000000000000b130       0x80 CMakeFiles/kiibohd.dir/Debug/cli/cli.c.obj
                0x000000000000b130                printLatency
 .text.cliFunc_latency
                0x000000000000b1b0       0x6c CMakeFiles/kiibohd.dir/Debug/cli/cli.c.obj
                0x000000000000b1b0                cliFunc_latency
 .text.Latency_init
                0x000000000000b21c       0x20 CMakeFiles/kiibohd.dir/Debug/latency/latency.c.obj
                0x000000000000b21c                Latency_init
 .text.Latency_resources
                0x000000000000b23c        0xc CMakeFiles/kiibohd.dir/Debug/latency/latency.c.obj
                0x000000000000b23c                Latency_resources
 .text.Latency_add_resource
                0x000000000000b248       0x3c CMakeFiles/kiibohd.dir/Debug/latency/latency.c.obj
                0x000000000000b248                Latency_add_resource
 .text.Latency_query
                0x000000000000b284       0x54 CMakeFiles/kiibohd.dir/Debug/latency/latency.c.obj
                0x000000000000b284                Latency_query
 .text.Latency_query_name
                0x000000000000b2d8       0x10 CMakeFiles/kiibohd.dir/Debug/latency/latency.c.obj
                0x000000000000b2d8                Latency_query_name
 .text.Latency_start_time
                0x000000000000b2e8       0x24 CMakeFiles/kiibohd.dir/Debug/latency/latency.c.obj
                0x000000000000b2e8                Latency_start_time
 .text.Latency_end_time
                0x000000000000b30c       0x8c CMakeFiles/kiibohd.dir/Debug/latency/latency.c.obj
                0x000000000000b30c                Latency_end_time
 .text.init_errorLED
                0x000000000000b398       0x1c CMakeFiles/kiibohd.dir/Debug/led/led.c.obj
                0x000000000000b398                init_errorLED
 .text.errorLED
                0x000000000000b3b4       0x1c CMakeFiles/kiibohd.dir/Debug/led/led.c.obj
                0x000000000000b3b4                errorLED
 .text.printstrs
                0x000000000000b3d0       0x30 CMakeFiles/kiibohd.dir/Debug/print/print.c.obj
                0x000000000000b3d0                printstrs
 .text._print   0x000000000000b400        0x4 CMakeFiles/kiibohd.dir/Debug/print/print.c.obj
                0x000000000000b400                _print
 .text.lenStr   0x000000000000b404       0x12 CMakeFiles/kiibohd.dir/Debug/print/print.c.obj
                0x000000000000b404                lenStr
 .text.revsStr  0x000000000000b416       0x26 CMakeFiles/kiibohd.dir/Debug/print/print.c.obj
                0x000000000000b416                revsStr
 .text.int8ToStr
                0x000000000000b43c       0x28 CMakeFiles/kiibohd.dir/Debug/print/print.c.obj
                0x000000000000b43c                int8ToStr
 .text.printInt8
                0x000000000000b464       0x14 CMakeFiles/kiibohd.dir/Debug/print/print.c.obj
                0x000000000000b464                printInt8
 .text.int16ToStr
                0x000000000000b478       0x28 CMakeFiles/kiibohd.dir/Debug/print/print.c.obj
                0x000000000000b478                int16ToStr
 .text.printInt16
                0x000000000000b4a0       0x14 CMakeFiles/kiibohd.dir/Debug/print/print.c.obj
                0x000000000000b4a0                printInt16
 .text.int32ToStr
                0x000000000000b4b4       0x2a CMakeFiles/kiibohd.dir/Debug/print/print.c.obj
                0x000000000000b4b4                int32ToStr
 .text.printInt32
                0x000000000000b4de       0x14 CMakeFiles/kiibohd.dir/Debug/print/print.c.obj
                0x000000000000b4de                printInt32
 .text.hexToStr_op
                0x000000000000b4f2       0x5e CMakeFiles/kiibohd.dir/Debug/print/print.c.obj
                0x000000000000b4f2                hexToStr_op
 .text.printHex_op
                0x000000000000b550       0x16 CMakeFiles/kiibohd.dir/Debug/print/print.c.obj
                0x000000000000b550                printHex_op
 .text.hex32ToStr_op
                0x000000000000b566       0x5a CMakeFiles/kiibohd.dir/Debug/print/print.c.obj
                0x000000000000b566                hex32ToStr_op
 .text.printHex32_op
                0x000000000000b5c0       0x16 CMakeFiles/kiibohd.dir/Debug/print/print.c.obj
                0x000000000000b5c0                printHex32_op
 .text.hex32ToStr16
                0x000000000000b5d6       0x28 CMakeFiles/kiibohd.dir/Debug/print/print.c.obj
                0x000000000000b5d6                hex32ToStr16
 .text.eqStr    0x000000000000b5fe       0x28 CMakeFiles/kiibohd.dir/Debug/print/print.c.obj
                0x000000000000b5fe                eqStr
 .text.numToInt
                0x000000000000b626       0x82 CMakeFiles/kiibohd.dir/Debug/print/print.c.obj
                0x000000000000b626                numToInt
 *(.rodata*)
 .rodata.bus_fault_default_isr.str1.1
                0x000000000000b6a8       0x22 CMakeFiles/kiibohd.dir/Lib/kinetis.c.obj
 .rodata.fault_isr.str1.1
                0x000000000000b6ca       0x22 CMakeFiles/kiibohd.dir/Lib/kinetis.c.obj
                                          0x9 (size before relaxing)
 .rodata.hard_fault_default_isr.str1.1
                0x000000000000b6ca       0x17 CMakeFiles/kiibohd.dir/Lib/kinetis.c.obj
                                         0x1a (size before relaxing)
 .rodata.memmanage_fault_default_isr.str1.1
                0x000000000000b6e1       0x2d CMakeFiles/kiibohd.dir/Lib/kinetis.c.obj
 .rodata.nmi_default_isr.str1.1
                0x000000000000b70e        0x7 CMakeFiles/kiibohd.dir/Lib/kinetis.c.obj
 .rodata.sys_reset_to_loader_magic
                0x000000000000b715       0x16 CMakeFiles/kiibohd.dir/Lib/kinetis.c.obj
                0x000000000000b715                sys_reset_to_loader_magic
 .rodata.usage_fault_default_isr.str1.1
                0x000000000000b72b       0x18 CMakeFiles/kiibohd.dir/Lib/kinetis.c.obj
 .rodata.watchdog_default_isr.str1.1
                0x000000000000b743       0x2a CMakeFiles/kiibohd.dir/Lib/kinetis.c.obj
                                         0x2c (size before relaxing)
 .rodata.str1.1
                0x000000000000b76d        0xa CMakeFiles/kiibohd.dir/Lib/time.c.obj
 .rodata.i2c_isr.str1.1
                0x000000000000b777       0x53 CMakeFiles/kiibohd.dir/Scan/Devices/ISSILed/i2c.c.obj
                                         0x56 (size before relaxing)
 .rodata.i2c_send_sequence.str1.1
                0x000000000000b7ca       0x28 CMakeFiles/kiibohd.dir/Scan/Devices/ISSILed/i2c.c.obj
 .rodata.LED_control_capability.str1.1
                0x000000000000b7f2       0x24 CMakeFiles/kiibohd.dir/Scan/Devices/ISSILed/led_scan.c.obj
 .rodata.LED_ledEnableMask
                0x000000000000b816       0x28 CMakeFiles/kiibohd.dir/Scan/Devices/ISSILed/led_scan.c.obj
                0x000000000000b816                LED_ledEnableMask
 .rodata.LED_scan.str1.1
                0x000000000000b83e       0x46 CMakeFiles/kiibohd.dir/Scan/Devices/ISSILed/led_scan.c.obj
 .rodata.LED_setup.str1.1
                0x000000000000b884        0x8 CMakeFiles/kiibohd.dir/Scan/Devices/ISSILed/led_scan.c.obj
 .rodata.cliFunc_ledFPS.str1.1
                0x000000000000b88c       0x49 CMakeFiles/kiibohd.dir/Scan/Devices/ISSILed/led_scan.c.obj
 .rodata.cliFunc_ledSet.str1.1
                0x000000000000b8d5       0x25 CMakeFiles/kiibohd.dir/Scan/Devices/ISSILed/led_scan.c.obj
 .rodata.cliFunc_ledToggle.str1.1
                0x000000000000b8fa       0x1e CMakeFiles/kiibohd.dir/Scan/Devices/ISSILed/led_scan.c.obj
                                         0x21 (size before relaxing)
 .rodata.ledCLIDict
                0x000000000000b918       0x48 CMakeFiles/kiibohd.dir/Scan/Devices/ISSILed/led_scan.c.obj
                0x000000000000b918                ledCLIDict
 .rodata.ledCLIDictName
                0x000000000000b960       0x19 CMakeFiles/kiibohd.dir/Scan/Devices/ISSILed/led_scan.c.obj
                0x000000000000b960                ledCLIDictName
 .rodata.ledCheckCLIDict_DescEntry
                0x000000000000b979       0x36 CMakeFiles/kiibohd.dir/Scan/Devices/ISSILed/led_scan.c.obj
                0x000000000000b979                ledCheckCLIDict_DescEntry
 .rodata.ledFPSCLIDict_DescEntry
                0x000000000000b9af       0x30 CMakeFiles/kiibohd.dir/Scan/Devices/ISSILed/led_scan.c.obj
                0x000000000000b9af                ledFPSCLIDict_DescEntry
 .rodata.ledResetCLIDict_DescEntry
                0x000000000000b9df       0x12 CMakeFiles/kiibohd.dir/Scan/Devices/ISSILed/led_scan.c.obj
                0x000000000000b9df                ledResetCLIDict_DescEntry
 .rodata.ledSetCLIDict_DescEntry
                0x000000000000b9f1       0x1d CMakeFiles/kiibohd.dir/Scan/Devices/ISSILed/led_scan.c.obj
                0x000000000000b9f1                ledSetCLIDict_DescEntry
 .rodata.ledToggleCLIDict_DescEntry
                0x000000000000ba0e       0x1f CMakeFiles/kiibohd.dir/Scan/Devices/ISSILed/led_scan.c.obj
                0x000000000000ba0e                ledToggleCLIDict_DescEntry
 .rodata.str1.1
                0x000000000000ba2d       0x2a CMakeFiles/kiibohd.dir/Scan/Devices/ISSILed/led_scan.c.obj
 .rodata.Matrix_keyPositionDebug.str1.1
                0x000000000000ba57       0x3e CMakeFiles/kiibohd.dir/Scan/Devices/MatrixARMPeriodic/matrix_scan.c.obj
 .rodata.Matrix_setup.str1.1
                0x000000000000ba95        0xe CMakeFiles/kiibohd.dir/Scan/Devices/MatrixARMPeriodic/matrix_scan.c.obj
 .rodata.Matrix_single_scan.str1.1
                0x000000000000baa3       0x99 CMakeFiles/kiibohd.dir/Scan/Devices/MatrixARMPeriodic/matrix_scan.c.obj
                                         0xa2 (size before relaxing)
 .rodata.cliFunc_debounce.str1.1
                0x000000000000bb3c       0x23 CMakeFiles/kiibohd.dir/Scan/Devices/MatrixARMPeriodic/matrix_scan.c.obj
                                         0x29 (size before relaxing)
 .rodata.cliFunc_matrixDebug.str1.1
                0x000000000000bb5f       0x26 CMakeFiles/kiibohd.dir/Scan/Devices/MatrixARMPeriodic/matrix_scan.c.obj
 .rodata.cliFunc_matrixInfo.str1.1
                0x000000000000bb85       0x57 CMakeFiles/kiibohd.dir/Scan/Devices/MatrixARMPeriodic/matrix_scan.c.obj
 .rodata.cliFunc_strobeDelay.str1.1
                0x000000000000bbdc       0x21 CMakeFiles/kiibohd.dir/Scan/Devices/MatrixARMPeriodic/matrix_scan.c.obj
                                         0x24 (size before relaxing)
 .rodata.debounceCLIDict_DescEntry
                0x000000000000bbfd       0x39 CMakeFiles/kiibohd.dir/Scan/Devices/MatrixARMPeriodic/matrix_scan.c.obj
                0x000000000000bbfd                debounceCLIDict_DescEntry
 *fill*         0x000000000000bc36        0x2 
 .rodata.matrixCLIDict
                0x000000000000bc38       0x48 CMakeFiles/kiibohd.dir/Scan/Devices/MatrixARMPeriodic/matrix_scan.c.obj
                0x000000000000bc38                matrixCLIDict
 .rodata.matrixCLIDictName
                0x000000000000bc80       0x17 CMakeFiles/kiibohd.dir/Scan/Devices/MatrixARMPeriodic/matrix_scan.c.obj
                0x000000000000bc80                matrixCLIDictName
 .rodata.matrixDebugCLIDict_DescEntry
                0x000000000000bc97       0x86 CMakeFiles/kiibohd.dir/Scan/Devices/MatrixARMPeriodic/matrix_scan.c.obj
                0x000000000000bc97                matrixDebugCLIDict_DescEntry
 .rodata.matrixInfoCLIDict_DescEntry
                0x000000000000bd1d       0x28 CMakeFiles/kiibohd.dir/Scan/Devices/MatrixARMPeriodic/matrix_scan.c.obj
                0x000000000000bd1d                matrixInfoCLIDict_DescEntry
 .rodata.matrixStateCLIDict_DescEntry
                0x000000000000bd45       0x9a CMakeFiles/kiibohd.dir/Scan/Devices/MatrixARMPeriodic/matrix_scan.c.obj
                0x000000000000bd45                matrixStateCLIDict_DescEntry
 .rodata.str1.1
                0x000000000000bddf       0x38 CMakeFiles/kiibohd.dir/Scan/Devices/MatrixARMPeriodic/matrix_scan.c.obj
 .rodata.strobeDelayCLIDict_DescEntry
                0x000000000000be17       0x3c CMakeFiles/kiibohd.dir/Scan/Devices/MatrixARMPeriodic/matrix_scan.c.obj
                0x000000000000be17                strobeDelayCLIDict_DescEntry
 *fill*         0x000000000000be53        0x1 
 .rodata        0x000000000000be54      0x53c CMakeFiles/kiibohd.dir/Scan/Devices/STLcd/lcd_scan.c.obj
 .rodata.LCD_layerStackExact_capability.str1.1
                0x000000000000c390       0x40 CMakeFiles/kiibohd.dir/Scan/Devices/STLcd/lcd_scan.c.obj
 .rodata.LCD_layerStack_capability.str1.1
                0x000000000000c3d0       0x1c CMakeFiles/kiibohd.dir/Scan/Devices/STLcd/lcd_scan.c.obj
 .rodata.LCD_setup.str1.1
                0x000000000000c3ec        0x6 CMakeFiles/kiibohd.dir/Scan/Devices/STLcd/lcd_scan.c.obj
 .rodata.STLcdDefaultImage
                0x000000000000c3f2      0x200 CMakeFiles/kiibohd.dir/Scan/Devices/STLcd/lcd_scan.c.obj
                0x000000000000c3f2                STLcdDefaultImage
 .rodata.cliFunc_lcdCmd.str1.1
                0x000000000000c5f2       0x5b CMakeFiles/kiibohd.dir/Scan/Devices/STLcd/lcd_scan.c.obj
                                         0x5e (size before relaxing)
 *fill*         0x000000000000c64d        0x3 
 .rodata.lcdCLIDict
                0x000000000000c650       0x48 CMakeFiles/kiibohd.dir/Scan/Devices/STLcd/lcd_scan.c.obj
                0x000000000000c650                lcdCLIDict
 .rodata.lcdCLIDictName
                0x000000000000c698       0x17 CMakeFiles/kiibohd.dir/Scan/Devices/STLcd/lcd_scan.c.obj
                0x000000000000c698                lcdCLIDictName
 .rodata.lcdCmdCLIDict_DescEntry
                0x000000000000c6af       0x44 CMakeFiles/kiibohd.dir/Scan/Devices/STLcd/lcd_scan.c.obj
                0x000000000000c6af                lcdCmdCLIDict_DescEntry
 .rodata.lcdColorCLIDict_DescEntry
                0x000000000000c6f3       0x45 CMakeFiles/kiibohd.dir/Scan/Devices/STLcd/lcd_scan.c.obj
                0x000000000000c6f3                lcdColorCLIDict_DescEntry
 .rodata.lcdDispCLIDict_DescEntry
                0x000000000000c738       0x4e CMakeFiles/kiibohd.dir/Scan/Devices/STLcd/lcd_scan.c.obj
                0x000000000000c738                lcdDispCLIDict_DescEntry
 .rodata.lcdInitCLIDict_DescEntry
                0x000000000000c786       0x1f CMakeFiles/kiibohd.dir/Scan/Devices/STLcd/lcd_scan.c.obj
                0x000000000000c786                lcdInitCLIDict_DescEntry
 .rodata.lcdTestCLIDict_DescEntry
                0x000000000000c7a5       0x1a CMakeFiles/kiibohd.dir/Scan/Devices/STLcd/lcd_scan.c.obj
                0x000000000000c7a5                lcdTestCLIDict_DescEntry
 .rodata.str1.1
                0x000000000000c7bf       0x28 CMakeFiles/kiibohd.dir/Scan/Devices/STLcd/lcd_scan.c.obj
 *fill*         0x000000000000c7e7        0x1 
 .rodata        0x000000000000c7e8       0x2f CMakeFiles/kiibohd.dir/Scan/Devices/UARTConnect/connect_scan.c.obj
 .rodata.Connect_addBytes.part.1.str1.1
                0x000000000000c817       0x45 CMakeFiles/kiibohd.dir/Scan/Devices/UARTConnect/connect_scan.c.obj
 .rodata.Connect_addBytes.str1.1
                0x000000000000c85c       0x78 CMakeFiles/kiibohd.dir/Scan/Devices/UARTConnect/connect_scan.c.obj
 .rodata.Connect_receive_Animation.str1.1
                0x000000000000c8d4       0x1f CMakeFiles/kiibohd.dir/Scan/Devices/UARTConnect/connect_scan.c.obj
 .rodata.Connect_receive_CableCheck.str1.1
                0x000000000000c8f3       0x81 CMakeFiles/kiibohd.dir/Scan/Devices/UARTConnect/connect_scan.c.obj
                                         0x83 (size before relaxing)
 .rodata.Connect_receive_IdEnumeration.str1.1
                0x000000000000c974       0x5d CMakeFiles/kiibohd.dir/Scan/Devices/UARTConnect/connect_scan.c.obj
 .rodata.Connect_receive_IdReport.str1.1
                0x000000000000c9d1       0x3e CMakeFiles/kiibohd.dir/Scan/Devices/UARTConnect/connect_scan.c.obj
 .rodata.Connect_receive_IdRequest.str1.1
                0x000000000000ca0f       0x55 CMakeFiles/kiibohd.dir/Scan/Devices/UARTConnect/connect_scan.c.obj
 .rodata.Connect_receive_ScanCode.str1.1
                0x000000000000ca64       0x90 CMakeFiles/kiibohd.dir/Scan/Devices/UARTConnect/connect_scan.c.obj
 .rodata.Connect_rx_process.str1.1
                0x000000000000caf4       0x4a CMakeFiles/kiibohd.dir/Scan/Devices/UARTConnect/connect_scan.c.obj
 .rodata.Connect_scan.str1.1
                0x000000000000cb3e       0x18 CMakeFiles/kiibohd.dir/Scan/Devices/UARTConnect/connect_scan.c.obj
 .rodata.Connect_setup.str1.1
                0x000000000000cb56        0xc CMakeFiles/kiibohd.dir/Scan/Devices/UARTConnect/connect_scan.c.obj
 .rodata.cliFunc_connectDbg.str1.1
                0x000000000000cb62       0x2c CMakeFiles/kiibohd.dir/Scan/Devices/UARTConnect/connect_scan.c.obj
                                         0x2f (size before relaxing)
 .rodata.cliFunc_connectIdl.str1.1
                0x000000000000cb8e       0x28 CMakeFiles/kiibohd.dir/Scan/Devices/UARTConnect/connect_scan.c.obj
 .rodata.cliFunc_connectLst.str1.1
                0x000000000000cbb6       0x2f CMakeFiles/kiibohd.dir/Scan/Devices/UARTConnect/connect_scan.c.obj
                                         0x33 (size before relaxing)
 .rodata.cliFunc_connectMst.str1.1
                0x000000000000cbe5       0x57 CMakeFiles/kiibohd.dir/Scan/Devices/UARTConnect/connect_scan.c.obj
 .rodata.cliFunc_connectRst.str1.1
                0x000000000000cc3c       0x31 CMakeFiles/kiibohd.dir/Scan/Devices/UARTConnect/connect_scan.c.obj
 .rodata.cliFunc_connectSts.str1.1
                0x000000000000cc6d       0xa4 CMakeFiles/kiibohd.dir/Scan/Devices/UARTConnect/connect_scan.c.obj
                                         0xa6 (size before relaxing)
 .rodata.connectCmdCLIDict_DescEntry
                0x000000000000cd11       0x6c CMakeFiles/kiibohd.dir/Scan/Devices/UARTConnect/connect_scan.c.obj
                0x000000000000cd11                connectCmdCLIDict_DescEntry
 .rodata.connectDbgCLIDict_DescEntry
                0x000000000000cd7d       0x1f CMakeFiles/kiibohd.dir/Scan/Devices/UARTConnect/connect_scan.c.obj
                0x000000000000cd7d                connectDbgCLIDict_DescEntry
 .rodata.connectIdlCLIDict_DescEntry
                0x000000000000cd9c       0x61 CMakeFiles/kiibohd.dir/Scan/Devices/UARTConnect/connect_scan.c.obj
                0x000000000000cd9c                connectIdlCLIDict_DescEntry
 .rodata.connectLstCLIDict_DescEntry
                0x000000000000cdfd       0x32 CMakeFiles/kiibohd.dir/Scan/Devices/UARTConnect/connect_scan.c.obj
                0x000000000000cdfd                connectLstCLIDict_DescEntry
 .rodata.connectMstCLIDict_DescEntry
                0x000000000000ce2f       0x3e CMakeFiles/kiibohd.dir/Scan/Devices/UARTConnect/connect_scan.c.obj
                0x000000000000ce2f                connectMstCLIDict_DescEntry
 .rodata.connectRstCLIDict_DescEntry
                0x000000000000ce6d       0x3b CMakeFiles/kiibohd.dir/Scan/Devices/UARTConnect/connect_scan.c.obj
                0x000000000000ce6d                connectRstCLIDict_DescEntry
 .rodata.connectStsCLIDict_DescEntry
                0x000000000000cea8       0x14 CMakeFiles/kiibohd.dir/Scan/Devices/UARTConnect/connect_scan.c.obj
                0x000000000000cea8                connectStsCLIDict_DescEntry
 .rodata.str1.1
                0x000000000000cebc       0xb6 CMakeFiles/kiibohd.dir/Scan/Devices/UARTConnect/connect_scan.c.obj
 *fill*         0x000000000000cf72        0x2 
 .rodata.uartConnectCLIDict
                0x000000000000cf74       0x60 CMakeFiles/kiibohd.dir/Scan/Devices/UARTConnect/connect_scan.c.obj
                0x000000000000cf74                uartConnectCLIDict
 .rodata.uartConnectCLIDictName
                0x000000000000cfd4       0x1c CMakeFiles/kiibohd.dir/Scan/Devices/UARTConnect/connect_scan.c.obj
                0x000000000000cfd4                uartConnectCLIDictName
 .rodata.CapabilitiesList
                0x000000000000cff0       0xa8 CMakeFiles/kiibohd.dir/Macro/PartialMap/macro.c.obj
                0x000000000000cff0                CapabilitiesList
 .rodata.InterconnectOffsetList
                0x000000000000d098        0x3 CMakeFiles/kiibohd.dir/Macro/PartialMap/macro.c.obj
                0x000000000000d098                InterconnectOffsetList
 *fill*         0x000000000000d09b        0x1 
 .rodata.LayerIndex
                0x000000000000d09c       0x18 CMakeFiles/kiibohd.dir/Macro/PartialMap/macro.c.obj
                0x000000000000d09c                LayerIndex
 .rodata.Macro_keyState.str1.1
                0x000000000000d0b4       0x3c CMakeFiles/kiibohd.dir/Macro/PartialMap/macro.c.obj
 .rodata.Macro_layerLatch_capability.str1.1
                0x000000000000d0f0       0x1d CMakeFiles/kiibohd.dir/Macro/PartialMap/macro.c.obj
 .rodata.Macro_layerLock_capability.str1.1
                0x000000000000d10d       0x1c CMakeFiles/kiibohd.dir/Macro/PartialMap/macro.c.obj
 .rodata.Macro_layerLookup.str1.1
                0x000000000000d129       0x3a CMakeFiles/kiibohd.dir/Macro/PartialMap/macro.c.obj
 .rodata.Macro_layerRotate_capability.str1.1
                0x000000000000d163       0x1c CMakeFiles/kiibohd.dir/Macro/PartialMap/macro.c.obj
 .rodata.Macro_layerShift_capability.str1.1
                0x000000000000d17f       0x1d CMakeFiles/kiibohd.dir/Macro/PartialMap/macro.c.obj
 .rodata.Macro_layerState.part.1.str1.1
                0x000000000000d19c       0x1d CMakeFiles/kiibohd.dir/Macro/PartialMap/macro.c.obj
                                         0x1f (size before relaxing)
 .rodata.Macro_layerState_capability.str1.1
                0x000000000000d1b9       0x28 CMakeFiles/kiibohd.dir/Macro/PartialMap/macro.c.obj
 .rodata.Macro_periodic.str1.1
                0x000000000000d1e1       0xaa CMakeFiles/kiibohd.dir/Macro/PartialMap/macro.c.obj
 .rodata.Macro_pressReleaseAdd.str1.1
                0x000000000000d28b       0x8c CMakeFiles/kiibohd.dir/Macro/PartialMap/macro.c.obj
 .rodata.Macro_setup.str1.1
                0x000000000000d317        0xb CMakeFiles/kiibohd.dir/Macro/PartialMap/macro.c.obj
 .rodata.Macro_showSchedule.str1.1
                0x000000000000d322        0x2 CMakeFiles/kiibohd.dir/Macro/PartialMap/macro.c.obj
 .rodata.Macro_showScheduleType.str1.1
                0x000000000000d324       0x25 CMakeFiles/kiibohd.dir/Macro/PartialMap/macro.c.obj
                                         0x5c (size before relaxing)
 .rodata.Macro_showTriggerType.str1.1
                0x000000000000d349       0x18 CMakeFiles/kiibohd.dir/Macro/PartialMap/macro.c.obj
 *fill*         0x000000000000d361        0x3 
 .rodata.ResultMacroList
                0x000000000000d364      0x18c CMakeFiles/kiibohd.dir/Macro/PartialMap/macro.c.obj
                0x000000000000d364                ResultMacroList
 .rodata.TriggerMacroList
                0x000000000000d4f0      0x338 CMakeFiles/kiibohd.dir/Macro/PartialMap/macro.c.obj
                0x000000000000d4f0                TriggerMacroList
 .rodata.capListCLIDict_DescEntry
                0x000000000000d828       0x3c CMakeFiles/kiibohd.dir/Macro/PartialMap/macro.c.obj
                0x000000000000d828                capListCLIDict_DescEntry
 .rodata.capSelectCLIDict_DescEntry
                0x000000000000d864       0x76 CMakeFiles/kiibohd.dir/Macro/PartialMap/macro.c.obj